Component: ARM Compiler 5.06 update 1 (build 61) Tool: armlink [4d35a8]

==============================================================================

Section Cross References

    main.o(i.ClignoDroit) refers to rt_cmsis.o(i.osSignalWait) for osSignalWait
    main.o(i.ClignoDroit) refers to led_mcb1700.o(i.LED_On) for LED_On
    main.o(i.ClignoDroit) refers to rt_cmsis.o(i.osDelay) for osDelay
    main.o(i.ClignoDroit) refers to led_mcb1700.o(i.LED_Off) for LED_Off
    main.o(i.ClignoDroit) refers to http_server_cgi.o(.data) for Droit
    main.o(i.ClignoGauche) refers to rt_cmsis.o(i.osSignalWait) for osSignalWait
    main.o(i.ClignoGauche) refers to led_mcb1700.o(i.LED_On) for LED_On
    main.o(i.ClignoGauche) refers to rt_cmsis.o(i.osDelay) for osDelay
    main.o(i.ClignoGauche) refers to led_mcb1700.o(i.LED_Off) for LED_Off
    main.o(i.ClignoGauche) refers to http_server_cgi.o(.data) for Gauche
    main.o(i.Init_UART) refers to uart_lpc17xx.o(.constdata) for Driver_USART1
    main.o(i.UART) refers to rt_cmsis.o(i.osSignalWait) for osSignalWait
    main.o(i.UART) refers to http_server_cgi.o(.data) for Phares
    main.o(i.UART) refers to uart_lpc17xx.o(.constdata) for Driver_USART1
    main.o(i.main) refers to rt_cmsis.o(i.osKernelInitialize) for osKernelInitialize
    main.o(i.main) refers to led_mcb1700.o(i.LED_Initialize) for LED_Initialize
    main.o(i.main) refers to adc_mcb1700.o(i.ADC_Initialize) for ADC_Initialize
    main.o(i.main) refers to glcd_mcb1700.o(i.GLCD_Initialize) for GLCD_Initialize
    main.o(i.main) refers to glcd_mcb1700.o(i.GLCD_SetBackgroundColor) for GLCD_SetBackgroundColor
    main.o(i.main) refers to glcd_mcb1700.o(i.GLCD_SetForegroundColor) for GLCD_SetForegroundColor
    main.o(i.main) refers to glcd_mcb1700.o(i.GLCD_ClearScreen) for GLCD_ClearScreen
    main.o(i.main) refers to glcd_mcb1700.o(i.GLCD_SetFont) for GLCD_SetFont
    main.o(i.main) refers to glcd_mcb1700.o(i.GLCD_DrawString) for GLCD_DrawString
    main.o(i.main) refers to main.o(i.Init_UART) for Init_UART
    main.o(i.main) refers to net_sys.o(i.netInitialize) for netInitialize
    main.o(i.main) refers to rt_cmsis.o(i.osThreadCreate) for osThreadCreate
    main.o(i.main) refers to rt_cmsis.o(i.osKernelStart) for osKernelStart
    main.o(i.main) refers to rt_cmsis.o(i.osDelay) for osDelay
    main.o(i.main) refers to glcd_fonts.o(.constdata) for GLCD_Font_16x24
    main.o(i.main) refers to main.o(.constdata) for os_thread_def_ClignoDroit
    main.o(i.main) refers to main.o(.data) for ID_ClignoDroit
    main.o(.constdata) refers to main.o(i.ClignoDroit) for ClignoDroit
    main.o(.constdata) refers to main.o(i.ClignoGauche) for ClignoGauche
    main.o(.constdata) refers to main.o(i.UART) for UART
    fichierweb.o(i.imageFileInfo) refers to fichierweb.o(i.crc32_8bit) for crc32_8bit
    fichierweb.o(i.imageFileInfo) refers to fichierweb.o(.constdata) for imageFileTable
    http_server_cgi.o(i.netCGI_ProcessData) refers to rt_cmsis.o(i.osSignalSet) for osSignalSet
    http_server_cgi.o(i.netCGI_ProcessData) refers to net_http_server.o(i.netCGI_GetEnvVar) for netCGI_GetEnvVar
    http_server_cgi.o(i.netCGI_ProcessData) refers to strncmp.o(.text) for strncmp
    http_server_cgi.o(i.netCGI_ProcessData) refers to led_mcb1700.o(i.LED_SetOut) for LED_SetOut
    http_server_cgi.o(i.netCGI_ProcessData) refers to http_server_cgi.o(.data) for Phares
    http_server_cgi.o(i.netCGI_ProcessData) refers to main.o(.data) for ID_UART
    http_server_cgi.o(i.netCGI_Script) refers to _printf_pad.o(.text) for _printf_pre_padding
    http_server_cgi.o(i.netCGI_Script) refers to _printf_percent.o(.ARM.Collect$$_printf_percent$$00000000) for _printf_percent
    http_server_cgi.o(i.netCGI_Script) refers to _printf_p.o(.ARM.Collect$$_printf_percent$$00000002) for _printf_p
    http_server_cgi.o(i.netCGI_Script) refers to _printf_s.o(.ARM.Collect$$_printf_percent$$00000014) for _printf_s
    http_server_cgi.o(i.netCGI_Script) refers to _printf_n.o(.ARM.Collect$$_printf_percent$$00000001) for _printf_n
    http_server_cgi.o(i.netCGI_Script) refers to _printf_charcount.o(.text) for _printf_charcount
    http_server_cgi.o(i.netCGI_Script) refers to _printf_hex_int_ptr.o(.text) for _printf_longlong_hex
    http_server_cgi.o(i.netCGI_Script) refers to _printf_str.o(.text) for _printf_str
    http_server_cgi.o(i.netCGI_Script) refers to _printf_truncate.o(.text) for _printf_truncate_unsigned
    http_server_cgi.o(i.netCGI_Script) refers to _printf_d.o(.ARM.Collect$$_printf_percent$$00000009) for _printf_d
    http_server_cgi.o(i.netCGI_Script) refers to _printf_i.o(.ARM.Collect$$_printf_percent$$00000008) for _printf_i
    http_server_cgi.o(i.netCGI_Script) refers to _printf_u.o(.ARM.Collect$$_printf_percent$$0000000A) for _printf_u
    http_server_cgi.o(i.netCGI_Script) refers to _printf_o.o(.ARM.Collect$$_printf_percent$$0000000B) for _printf_o
[...]
    os_stack_sz                              0x0001b44c   Data           4  rtx_conf_cm.o(.constdata)
    os_fifo_size                             0x0001b450   Data           1  rtx_conf_cm.o(.constdata)
    os_thread_def_osTimerThread              0x0001b454   Data          16  rtx_conf_cm.o(.constdata)
    os_messageQ_def_osTimerMessageQ          0x0001b464   Data           8  rtx_conf_cm.o(.constdata)
    mp_tmr_size                              0x0001b46c   Data           2  rtx_conf_cm.o(.constdata)
    os_thread_def_main                       0x0001b470   Data          16  rtx_conf_cm.o(.constdata)
    Driver_ETH_MAC0                          0x0001b488   Data          68  emac_lpc17xx.o(.constdata)
    Driver_SPI1                              0x0001b51c   Data          44  ssp_lpc17xx.o(.constdata)
    Driver_USART1                            0x0001b6e0   Data          56  uart_lpc17xx.o(.constdata)
    Driver_ETH_PHY0                          0x0001b71c   Data          32  phy_dp83848c.o(.constdata)
    os_mutex_def_net_lock                    0x0001b73c   Data           4  net_config.o(.constdata)
    os_mutex_def_mem_lock                    0x0001b740   Data           4  net_config.o(.constdata)
    os_thread_def_netCore_Thread             0x0001b744   Data          16  net_config.o(.constdata)
    net_sys_config                           0x0001b754   Data          32  net_config.o(.constdata)
    os_semaphore_def_eth0_lock               0x0001b774   Data           4  net_config.o(.constdata)
    os_thread_def_netETH_Thread              0x0001b778   Data          16  net_config.o(.constdata)
    net_eth0_config                          0x0001b7b8   Data          32  net_config.o(.constdata)
    net_localm                               0x0001b7d8   Data          12  net_config.o(.constdata)
    net_localm6                              0x0001b7e4   Data          12  net_config.o(.constdata)
    net_udp_config                           0x0001b7f0   Data           8  net_config.o(.constdata)
    net_tcp_config                           0x0001b7f8   Data          20  net_config.o(.constdata)
    net_http_config                          0x0001b80c   Data          40  net_config.o(.constdata)
    net_sys_func                             0x0001b834   Data          80  net_config.o(.constdata)
    net_mac_bcast                            0x0001b884   Data           6  net_eth.o(.constdata)
    net_ping_payload                         0x0001b994   Data          18  net_ping.o(.constdata)
    os_timer_def_net_tick                    0x0001b9a8   Data           8  net_sys.o(.constdata)
    net_addr4_bcast                          0x0001b9b0   Data           4  net_ip4.o(.constdata)
    net_addr4_loopback                       0x0001b9b4   Data           4  net_ip4.o(.constdata)
    net_addr6_all_nodes                      0x0001b9b8   Data          16  net_ip6.o(.constdata)
    net_addr6_loopback                       0x0001b9c8   Data          16  net_ip6.o(.constdata)
    net_addr6_all_routers                    0x0001b9d8   Data          16  net_ip6.o(.constdata)
    net_http_error                           0x0001b9e8   Data          24  net_http_server_err.o(.constdata)
    net_addr_null                            0x0001ba00   Data          16  net_addr.o(.constdata)
    Region$$Table$$Base                      0x0001bd6c   Number         0  anon$$obj.o(Region$$Table)
    Region$$Table$$Limit                     0x0001bd8c   Number         0  anon$$obj.o(Region$$Table)
    __ctype                                  0x0001bdb5   Data           0  lc_ctype_c.o(locale$$data)
    __MW_NET_VER                             0x07030000   Number         0  net_version.o ABSOLUTE
    ID_ClignoDroit                           0x10000000   Data           4  main.o(.data)
    ID_ClignoGauche                          0x10000004   Data           4  main.o(.data)
    ID_UART                                  0x10000008   Data           4  main.o(.data)
    ip_addr                                  0x1000000c   Data           4  http_server_cgi.o(.data)
    mask                                     0x10000010   Data           4  http_server_cgi.o(.data)
    gateway                                  0x10000014   Data           4  http_server_cgi.o(.data)
    pri_dns                                  0x10000018   Data           4  http_server_cgi.o(.data)
    sec_dns                                  0x1000001c   Data           4  http_server_cgi.o(.data)
    Phares                                   0x10000020   Data           1  http_server_cgi.o(.data)
    Droit                                    0x10000021   Data           1  http_server_cgi.o(.data)
    Gauche                                   0x10000022   Data           1  http_server_cgi.o(.data)
    osThreadId_osTimerThread                 0x1000003c   Data           4  rtx_conf_cm.o(.data)
    osMessageQId_osTimerMessageQ             0x10000040   Data           4  rtx_conf_cm.o(.data)
    os_tmr                                   0x10000044   Data           4  rtx_conf_cm.o(.data)
    m_tmr                                    0x10000048   Data           4  rtx_conf_cm.o(.data)
    iap_entry                                0x10000064   Data           4  emac_lpc17xx.o(.data)
    SystemCoreClock                          0x10000084   Data           4  system_lpc17xx.o(.data)
    os_semaphore_cb_eth0_lock                0x10000088   Data           8  net_config.o(.data)
    os_initialized                           0x10000098   Data           1  rt_cmsis.o(.data)
    os_running                               0x10000099   Data           1  rt_cmsis.o(.data)
    os_timer_head                            0x1000009c   Data           4  rt_cmsis.o(.data)
    os_tsk                                   0x100000a0   Data           8  rt_task.o(.data)
    os_tick_irqn                             0x100000dc   Data           4  rt_system.o(.data)
    os_time                                  0x100000e0   Data           4  rt_time.o(.data)
    os_robin                                 0x100000e4   Data           8  rt_robin.o(.data)
    dbg_msg                                  0x100000ec   Data           1  hal_cm.o(.data)
    lcd_text                                 0x10000100   Data          21  http_server_cgi.o(.bss)
    mp_tcb                                   0x10000118   Data         376  rtx_conf_cm.o(.bss)
    mp_stk                                   0x10000290   Data        1200  rtx_conf_cm.o(.bss)
    os_stack_mem                             0x10000740   Data        2384  rtx_conf_cm.o(.bss)
    os_fifo                                  0x10001090   Data         132  rtx_conf_cm.o(.bss)
    os_active_TCB                            0x10001114   Data          28  rtx_conf_cm.o(.bss)
    os_messageQ_q_osTimerMessageQ            0x10001130   Data          32  rtx_conf_cm.o(.bss)
    os_mutex_cb_net_lock                     0x10006ecc   Data          16  net_config.o(.bss)
    os_mutex_cb_mem_lock                     0x10006edc   Data          16  net_config.o(.bss)
    os_idle_TCB                              0x1000734c   Data          52  rt_task.o(.bss)
    net_eth_control                          0x10007380   Data         148  net_eth.o(.bss)
    net_ping_control                         0x10007438   Data          32  net_ping.o(.bss)
    net_sys_control                          0x10007458   Data          48  net_sys.o(.bss)
    os_timer_cb_net_tick                     0x10007488   Data          24  net_sys.o(.bss)
    os_rdy                                   0x100074a0   Data          24  rt_list.o(.bss)
    os_dly                                   0x100074b8   Data          24  rt_list.o(.bss)
    __libspace_start                         0x1000757c   Data          96  libspace.o(.bss)
    __temporary_stack_top$libspace           0x100075dc   Data           0  libspace.o(.bss)



==============================================================================

Memory Map of the image

  Image Entry point : 0x000000cd

  Load Region LR_IROM1 (Base: 0x00000000, Size: 0x0001bfb8, Max: 0x00080000, ABSOLUTE)

    Execution Region ER_IROM1 (Base: 0x00000000, Size: 0x0001beb8, Max: 0x00080000, ABSOLUTE)

    Base Addr    Size         Type   Attr      Idx    E Section Name        Object

    0x00000000   0x000000cc   Data   RO         1350    RESET               startup_lpc17xx.o
    0x000000cc   0x00000008   Code   RO         3598  * !!!main             c_w.l(__main.o)
    0x000000d4   0x00000034   Code   RO         3879    !!!scatter          c_w.l(__scatter.o)
    0x00000108   0x0000001a   Code   RO         3881    !!handler_copy      c_w.l(__scatter_copy.o)
    0x00000122   0x00000002   PAD
    0x00000124   0x0000001c   Code   RO         3883    !!handler_zi        c_w.l(__scatter_zi.o)
    0x00000140   0x00000000   Code   RO         3572    .ARM.Collect$$_printf_percent$$00000000  c_w.l(_printf_percent.o)
    0x00000140   0x00000006   Code   RO         3561    .ARM.Collect$$_printf_percent$$00000001  c_w.l(_printf_n.o)
    0x00000146   0x00000006   Code   RO         3563    .ARM.Collect$$_printf_percent$$00000002  c_w.l(_printf_p.o)
    0x0000014c   0x00000006   Code   RO         3568    .ARM.Collect$$_printf_percent$$00000003  c_w.l(_printf_f.o)
    0x00000152   0x00000006   Code   RO         3569    .ARM.Collect$$_printf_percent$$00000004  c_w.l(_printf_e.o)
    0x00000158   0x00000006   Code   RO         3570    .ARM.Collect$$_printf_percent$$00000005  c_w.l(_printf_g.o)
    0x0000015e   0x00000006   Code   RO         3571    .ARM.Collect$$_printf_percent$$00000006  c_w.l(_printf_a.o)
    0x00000164   0x00000006   Code   RO         3565    .ARM.Collect$$_printf_percent$$00000008  c_w.l(_printf_i.o)
    0x0000016a   0x00000006   Code   RO         3566    .ARM.Collect$$_printf_percent$$00000009  c_w.l(_printf_d.o)
    0x00000170   0x00000006   Code   RO         3567    .ARM.Collect$$_printf_percent$$0000000A  c_w.l(_printf_u.o)
    0x00000176   0x00000006   Code   RO         3564    .ARM.Collect$$_printf_percent$$0000000B  c_w.l(_printf_o.o)
    0x0000017c   0x00000006   Code   RO         3562    .ARM.Collect$$_printf_percent$$0000000C  c_w.l(_printf_x.o)
    0x00000182   0x0000000a   Code   RO         3652    .ARM.Collect$$_printf_percent$$00000012  c_w.l(_printf_l.o)
    0x0000018c   0x00000006   Code   RO         3559    .ARM.Collect$$_printf_percent$$00000013  c_w.l(_printf_c.o)
    0x00000192   0x00000006   Code   RO         3560    .ARM.Collect$$_printf_percent$$00000014  c_w.l(_printf_s.o)
    0x00000198   0x00000006   Code   RO         3573    .ARM.Collect$$_printf_percent$$00000015  c_w.l(_printf_lc.o)
    0x0000019e   0x00000004   Code   RO         3651    .ARM.Collect$$_printf_percent$$00000017  c_w.l(_printf_percent_end.o)
    0x000001a2   0x00000002   Code   RO         3766    .ARM.Collect$$libinit$$00000000  c_w.l(libinit.o)
    0x000001a4   0x00000000   Code   RO         3768    .ARM.Collect$$libinit$$00000002  c_w.l(libinit2.o)
    0x000001a4   0x00000000   Code   RO         3770    .ARM.Collect$$libinit$$00000004  c_w.l(libinit2.o)
    0x000001a4   0x00000000   Code   RO         3773    .ARM.Collect$$libinit$$0000000A  c_w.l(libinit2.o)
    0x000001a4   0x00000000   Code   RO         3775    .ARM.Collect$$libinit$$0000000C  c_w.l(libinit2.o)
    0x000001a4   0x00000000   Code   RO         3777    .ARM.Collect$$libinit$$0000000E  c_w.l(libinit2.o)
    0x000001a4   0x00000006   Code   RO         3778    .ARM.Collect$$libinit$$0000000F  c_w.l(libinit2.o)
    0x000001aa   0x00000000   Code   RO         3780    .ARM.Collect$$libinit$$00000011  c_w.l(libinit2.o)
    0x000001aa   0x0000000c   Code   RO         3781    .ARM.Collect$$libinit$$00000012  c_w.l(libinit2.o)
    0x000001b6   0x00000000   Code   RO         3782    .ARM.Collect$$libinit$$00000013  c_w.l(libinit2.o)
    0x000001b6   0x00000000   Code   RO         3784    .ARM.Collect$$libinit$$00000015  c_w.l(libinit2.o)
    0x000001b6   0x0000000a   Code   RO         3785    .ARM.Collect$$libinit$$00000016  c_w.l(libinit2.o)
    0x000001c0   0x00000000   Code   RO         3786    .ARM.Collect$$libinit$$00000017  c_w.l(libinit2.o)
    0x000001c0   0x00000000   Code   RO         3788    .ARM.Collect$$libinit$$00000019  c_w.l(libinit2.o)
    0x000001c0   0x00000000   Code   RO         3790    .ARM.Collect$$libinit$$0000001B  c_w.l(libinit2.o)
    0x000001c0   0x00000000   Code   RO         3792    .ARM.Collect$$libinit$$0000001D  c_w.l(libinit2.o)
    0x000001c0   0x00000000   Code   RO         3794    .ARM.Collect$$libinit$$0000001F  c_w.l(libinit2.o)
    0x000001c0   0x00000000   Code   RO         3796    .ARM.Collect$$libinit$$00000021  c_w.l(libinit2.o)
    0x000001c0   0x00000000   Code   RO         3798    .ARM.Collect$$libinit$$00000023  c_w.l(libinit2.o)
    0x000001c0   0x00000000   Code   RO         3800    .ARM.Collect$$libinit$$00000025  c_w.l(libinit2.o)
    0x000001c0   0x00000000   Code   RO         3804    .ARM.Collect$$libinit$$0000002C  c_w.l(libinit2.o)
    0x000001c0   0x00000000   Code   RO         3806    .ARM.Collect$$libinit$$0000002E  c_w.l(libinit2.o)
    0x000001c0   0x00000000   Code   RO         3808    .ARM.Collect$$libinit$$00000030  c_w.l(libinit2.o)
    0x000001c0   0x00000000   Code   RO         3810    .ARM.Collect$$libinit$$00000032  c_w.l(libinit2.o)
    0x000001c0   0x00000002   Code   RO         3811    .ARM.Collect$$libinit$$00000033  c_w.l(libinit2.o)
    0x000001c2   0x00000002   Code   RO         3812    .ARM.Collect$$libshutdown$$00000000  c_w.l(libshutdown.o)
    0x000001c4   0x00000000   Code   RO         3825    .ARM.Collect$$libshutdown$$00000002  c_w.l(libshutdown2.o)
    0x000001c4   0x00000000   Code   RO         3827    .ARM.Collect$$libshutdown$$00000004  c_w.l(libshutdown2.o)
    0x000001c4   0x00000000   Code   RO         3830    .ARM.Collect$$libshutdown$$00000007  c_w.l(libshutdown2.o)
    0x000001c4   0x00000000   Code   RO         3833    .ARM.Collect$$libshutdown$$0000000A  c_w.l(libshutdown2.o)
    0x000001c4   0x00000000   Code   RO         3835    .ARM.Collect$$libshutdown$$0000000C  c_w.l(libshutdown2.o)
    0x000001c4   0x00000000   Code   RO         3838    .ARM.Collect$$libshutdown$$0000000F  c_w.l(libshutdown2.o)
    0x000001c4   0x00000002   Code   RO         3839    .ARM.Collect$$libshutdown$$00000010  c_w.l(libshutdown2.o)
    0x000001c6   0x00000000   Code   RO         3622    .ARM.Collect$$rtentry$$00000000  c_w.l(__rtentry.o)
    0x000001c6   0x00000000   Code   RO         3673    .ARM.Collect$$rtentry$$00000002  c_w.l(__rtentry2.o)
    0x000001c6   0x00000006   Code   RO         3685    .ARM.Collect$$rtentry$$00000004  c_w.l(__rtentry4.o)
    0x000001cc   0x00000000   Code   RO         3675    .ARM.Collect$$rtentry$$00000009  c_w.l(__rtentry2.o)
    0x000001cc   0x00000004   Code   RO         3676    .ARM.Collect$$rtentry$$0000000A  c_w.l(__rtentry2.o)
    0x000001d0   0x00000008   Code   RO         3677    .ARM.Collect$$rtentry$$0000000B  c_w.l(__rtentry2.o)
    0x000001d8   0x00000008   Code   RO         3679    .ARM.Collect$$rtentry$$0000000D  c_w.l(__rtentry2.o)
    0x000001e0   0x00000002   Code   RO         3623    .ARM.Collect$$rtexit$$00000000  c_w.l(rtexit.o)
    0x000001e2   0x00000000   Code   RO         3688    .ARM.Collect$$rtexit$$00000002  c_w.l(rtexit2.o)
    0x000001e2   0x00000004   Code   RO         3689    .ARM.Collect$$rtexit$$00000003  c_w.l(rtexit2.o)
    0x000001e6   0x00000006   Code   RO         3690    .ARM.Collect$$rtexit$$00000004  c_w.l(rtexit2.o)
    0x000001ec   0x0000001c   Code   RO          491    .emb_text           rtx_conf_cm.o
    0x00000208   0x0000003c   Code   RO         1352    .text               startup_lpc17xx.o
    0x00000244   0x00000008   Code   RO         3488    .text               c_w.l(libspace.o)
    0x0000024c   0x0000002c   Code   RO         3493    .text               c_w.l(__2sprintf.o)
    0x00000278   0x0000004e   Code   RO         3499    .text               c_w.l(_printf_pad.o)
    0x000002c6   0x00000024   Code   RO         3501    .text               c_w.l(_printf_truncate.o)
    0x000002ea   0x00000012   Code   RO         3580    .text               c_w.l(exit.o)
    0x000002fc   0x00000004   Code   RO         1351    .ARM.__at_0x02FC    startup_lpc17xx.o
    0x00000300   0x00000130   Code   RO         3216    .emb_text           RTX_CM3.lib(hal_cm3.o)
    0x00000430   0x000000ee   Code   RO         3491    .text               c_w.l(lludivv7m.o)
    0x0000051e   0x00000052   Code   RO         3503    .text               c_w.l(_printf_str.o)
    0x00000570   0x00000078   Code   RO         3505    .text               c_w.l(_printf_dec.o)
    0x000005e8   0x00000028   Code   RO         3507    .text               c_w.l(_printf_charcount.o)
    0x00000610   0x000000bc   Code   RO         3509    .text               c_w.l(_printf_wctomb.o)
    0x000006cc   0x00000054   Code   RO         3514    .text               c_w.l(_printf_oct_int.o)
    0x00000720   0x0000007c   Code   RO         3530    .text               c_w.l(_printf_hex_int_ptr.o)
    0x0000079c   0x00000188   Code   RO         3556    .text               c_w.l(__printf_flags_ss_wp.o)
    0x00000924   0x0000003c   Code   RO         3574    .text               c_w.l(__0sscanf.o)
    0x00000960   0x0000014c   Code   RO         3576    .text               c_w.l(_scanf_int.o)
    0x00000aac   0x0000001a   Code   RO         3578    .text               c_w.l(atoi.o)
    0x00000ac6   0x00000058   Code   RO         3582    .text               c_w.l(memcmp.o)
    0x00000b1e   0x0000003e   Code   RO         3584    .text               c_w.l(strlen.o)
    0x00000b5c   0x00000096   Code   RO         3586    .text               c_w.l(strncmp.o)
    0x00000bf2   0x0000008a   Code   RO         3588    .text               c_w.l(rt_memcpy_v6.o)
    0x00000c7c   0x00000044   Code   RO         3590    .text               c_w.l(rt_memclr.o)
    0x00000cc0   0x0000004e   Code   RO         3592    .text               c_w.l(rt_memclr_w.o)
    0x00000d0e   0x00000002   PAD
    0x00000d10   0x00000080   Code   RO         3594    .text               c_w.l(strcmpv7m.o)
    0x00000d90   0x00000006   Code   RO         3596    .text               c_w.l(heapauxi.o)
    0x00000d96   0x00000004   Code   RO         3634    .text               c_w.l(rt_errno_addr_twolibspace.o)
    0x00000d9a   0x000000b2   Code   RO         3636    .text               c_w.l(_printf_intcommon.o)
    0x00000e4c   0x0000041a   Code   RO         3638    .text               c_w.l(_printf_fp_dec.o)
    0x00001266   0x00000002   PAD
    0x00001268   0x000002fc   Code   RO         3640    .text               c_w.l(_printf_fp_hex.o)
    0x00001564   0x00000030   Code   RO         3643    .text               c_w.l(_printf_char_common.o)
    0x00001594   0x0000000a   Code   RO         3645    .text               c_w.l(_sputc.o)
    0x0000159e   0x0000002c   Code   RO         3647    .text               c_w.l(_printf_char.o)
    0x000015ca   0x0000002c   Code   RO         3649    .text               c_w.l(_printf_wchar.o)
    0x000015f6   0x0000001c   Code   RO         3653    .text               c_w.l(_chval.o)
    0x00001612   0x00000002   PAD
    0x00001614   0x0000002c   Code   RO         3655    .text               c_w.l(scanf_char.o)
    0x00001640   0x00000040   Code   RO         3657    .text               c_w.l(_sgetc.o)
    0x00001680   0x00000070   Code   RO         3659    .text               c_w.l(strtol.o)
    0x000016f0   0x00000040   Code   RO         3661    .text               c_w.l(_wcrtomb.o)
    0x00001730   0x00000064   Code   RO         3663    .text               c_w.l(rt_memcpy_w.o)
    0x00001794   0x00000010   Code   RO         3694    .text               c_w.l(rt_ctype_table.o)
    0x000017a4   0x0000000a   Code   RO         3703    .text               c_w.l(rt_locale_twolibspace.o)
    0x000017ae   0x0000008a   Code   RO         3705    .text               c_w.l(lludiv10.o)
    0x00001838   0x00000012   Code   RO         3707    .text               c_w.l(isspace.o)
    0x0000184a   0x00000002   PAD
    0x0000184c   0x00000080   Code   RO         3709    .text               c_w.l(_printf_fp_infnan.o)
    0x000018cc   0x00000374   Code   RO         3713    .text               c_w.l(_scanf.o)
    0x00001c40   0x0000009e   Code   RO         3715    .text               c_w.l(_strtoul.o)
    0x00001cde   0x00000002   PAD
    0x00001ce0   0x000000dc   Code   RO         3717    .text               c_w.l(bigflt0.o)
    0x00001dbc   0x0000000c   Code   RO         3749    .text               c_w.l(sys_exit.o)
    0x00001dc8   0x0000004a   Code   RO         3751    .text               c_w.l(sys_stackheap_outer.o)
    0x00001e12   0x00000002   Code   RO         3813    .text               c_w.l(use_no_semi.o)
    0x00001e14   0x00000000   Code   RO         3815    .text               c_w.l(indicate_semi.o)
    0x00001e14   0x0000003e   Code   RO         3720    CL$$btod_d2e        c_w.l(btod.o)
    0x00001e52   0x00000046   Code   RO         3722    CL$$btod_d2e_denorm_low  c_w.l(btod.o)
    0x00001e98   0x00000060   Code   RO         3721    CL$$btod_d2e_norm_op1  c_w.l(btod.o)
    0x00001ef8   0x00000338   Code   RO         3730    CL$$btod_div_common  c_w.l(btod.o)
    0x00002230   0x000000c6   Code   RO         3727    CL$$btod_e2e        c_w.l(btod.o)
    0x000022f6   0x00000028   Code   RO         3724    CL$$btod_ediv       c_w.l(btod.o)
    0x0000231e   0x00000028   Code   RO         3723    CL$$btod_emul       c_w.l(btod.o)
    0x00002346   0x00000244   Code   RO         3729    CL$$btod_mult_common  c_w.l(btod.o)
    0x0000258a   0x00000002   PAD
    0x0000258c   0x00000004   Code   RO         3483    SVC_TABLE           RTX_CM3.lib(svc_table.o)
    0x00002590   0x00000020   Code   RO          149    i.ADC_GetValue      adc_mcb1700.o
    0x000025b0   0x00000028   Code   RO          150    i.ADC_IRQHandler    adc_mcb1700.o
    0x000025d8   0x00000060   Code   RO          151    i.ADC_Initialize    adc_mcb1700.o
    0x00002638   0x00000020   Code   RO          152    i.ADC_StartConversion  adc_mcb1700.o
    0x00002658   0x00000020   Code   RO         1171    i.Clear_Channel_active_flag  gpdma_lpc17xx.o
    0x00002678   0x00000040   Code   RO            1    i.ClignoDroit       main.o
    0x000026b8   0x00000040   Code   RO            2    i.ClignoGauche      main.o
    0x000026f8   0x00000198   Code   RO          552    i.Control           emac_lpc17xx.o
    0x00002890   0x00000008   Code   RO          553    i.ControlTimer      emac_lpc17xx.o
    0x00002898   0x00000180   Code   RO         1172    i.DMA_IRQHandler    gpdma_lpc17xx.o
    0x00002a18   0x00000048   Code   RO          554    i.ENET_IRQHandler   emac_lpc17xx.o
    0x00002a60   0x00000030   Code   RO          247    i.GLCD_ClearScreen  glcd_mcb1700.o
    0x00002a90   0x000000d0   Code   RO          250    i.GLCD_DrawChar     glcd_mcb1700.o
    0x00002b60   0x0000002c   Code   RO          254    i.GLCD_DrawString   glcd_mcb1700.o
    0x00002b8c   0x000005b6   Code   RO          258    i.GLCD_Initialize   glcd_mcb1700.o
    0x00003142   0x00000002   PAD
    0x00003144   0x00000010   Code   RO          259    i.GLCD_SetBackgroundColor  glcd_mcb1700.o
    0x00003154   0x00000010   Code   RO          260    i.GLCD_SetFont      glcd_mcb1700.o
    0x00003164   0x00000010   Code   RO          261    i.GLCD_SetForegroundColor  glcd_mcb1700.o
    0x00003174   0x000000ac   Code   RO          262    i.GLCD_SetWindow    glcd_mcb1700.o
    0x00003220   0x00000012   Code   RO          265    i.GLCD_WindowMax    glcd_mcb1700.o
    0x00003232   0x00000002   PAD
    0x00003234   0x000000f4   Code   RO         1173    i.GPDMA_ChannelConfigure  gpdma_lpc17xx.o
    0x00003328   0x00000030   Code   RO         1174    i.GPDMA_ChannelDisable  gpdma_lpc17xx.o
    0x00003358   0x00000030   Code   RO         1176    i.GPDMA_ChannelGetCount  gpdma_lpc17xx.o
    0x00003388   0x000000a8   Code   RO         1178    i.GPDMA_Initialize  gpdma_lpc17xx.o
    0x00003430   0x00000044   Code   RO         1179    i.GPDMA_PeripheralSelect  gpdma_lpc17xx.o
    0x00003474   0x00000080   Code   RO         1180    i.GPDMA_Uninitialize  gpdma_lpc17xx.o
    0x000034f4   0x00000020   Code   RO         1261    i.GPIO_PinRead      gpio_lpc17xx.o
    0x00003514   0x00000028   Code   RO         1262    i.GPIO_PinWrite     gpio_lpc17xx.o
    0x0000353c   0x0000002c   Code   RO         1263    i.GPIO_PortClock    gpio_lpc17xx.o
    0x00003568   0x00000014   Code   RO         1264    i.GPIO_PortRead     gpio_lpc17xx.o
    0x0000357c   0x00000038   Code   RO         1266    i.GPIO_SetDir       gpio_lpc17xx.o
    0x000035b4   0x0000000c   Code   RO          555    i.GetCapabilities   emac_lpc17xx.o
    0x000035c0   0x00000068   Code   RO         1112    i.GetLinkInfo       phy_dp83848c.o
    0x00003628   0x0000002c   Code   RO         1113    i.GetLinkState      phy_dp83848c.o
    0x00003654   0x00000048   Code   RO          556    i.GetMacAddress     emac_lpc17xx.o
    0x0000369c   0x00000054   Code   RO          557    i.GetRxFrameSize    emac_lpc17xx.o
    0x000036f0   0x00000008   Code   RO          558    i.GetRxFrameTime    emac_lpc17xx.o
    0x000036f8   0x00000044   Code   RO          726    i.GetSSPClockFreq   ssp_lpc17xx.o
    0x0000373c   0x00000008   Code   RO          559    i.GetTxFrameTime    emac_lpc17xx.o
    0x00003744   0x00000044   Code   RO          900    i.GetUsartClockFreq  uart_lpc17xx.o
    0x00003788   0x00000010   Code   RO          560    i.GetVersion        emac_lpc17xx.o
    0x00003798   0x00000010   Code   RO         1114    i.GetVersion        phy_dp83848c.o
    0x000037a8   0x00000038   Code   RO            3    i.Init_UART         main.o
    0x000037e0   0x00000170   Code   RO          561    i.Initialize        emac_lpc17xx.o
    0x00003950   0x00000030   Code   RO         1115    i.Initialize        phy_dp83848c.o
    0x00003980   0x0000005c   Code   RO          447    i.LED_Initialize    led_mcb1700.o
    0x000039dc   0x0000002c   Code   RO          448    i.LED_Off           led_mcb1700.o
    0x00003a08   0x0000002c   Code   RO          449    i.LED_On            led_mcb1700.o
    0x00003a34   0x00000028   Code   RO          450    i.LED_SetOut        led_mcb1700.o
    0x00003a5c   0x000000e8   Code   RO          562    i.PHY_Read          emac_lpc17xx.o
    0x00003b44   0x000000d8   Code   RO          563    i.PHY_Write         emac_lpc17xx.o
    0x00003c1c   0x000000fc   Code   RO         1315    i.PIN_Configure     pin_lpc17xx.o
    0x00003d18   0x00000224   Code   RO          564    i.PowerControl      emac_lpc17xx.o
    0x00003f3c   0x000000d4   Code   RO         1116    i.PowerControl      phy_dp83848c.o
    0x00004010   0x00000074   Code   RO          565    i.ReadFrame         emac_lpc17xx.o
    0x00004084   0x00000018   Code   RO          727    i.SSP1_Control      ssp_lpc17xx.o
    0x0000409c   0x00000014   Code   RO          728    i.SSP1_GPDMA_Rx_SignalEvent  ssp_lpc17xx.o
    0x000040b0   0x00000014   Code   RO          729    i.SSP1_GPDMA_Tx_SignalEvent  ssp_lpc17xx.o
    0x000040c4   0x00000010   Code   RO          730    i.SSP1_GetDataCount  ssp_lpc17xx.o
    0x000040d4   0x00000010   Code   RO          731    i.SSP1_GetStatus    ssp_lpc17xx.o
    0x000040e4   0x00000010   Code   RO          732    i.SSP1_IRQHandler   ssp_lpc17xx.o
    0x000040f4   0x00000014   Code   RO          733    i.SSP1_Initialize   ssp_lpc17xx.o
    0x00004108   0x00000014   Code   RO          734    i.SSP1_PowerControl  ssp_lpc17xx.o
    0x0000411c   0x00000018   Code   RO          735    i.SSP1_Receive      ssp_lpc17xx.o
    0x00004134   0x00000018   Code   RO          736    i.SSP1_Send         ssp_lpc17xx.o
    0x0000414c   0x0000001c   Code   RO          737    i.SSP1_Transfer     ssp_lpc17xx.o
    0x00004168   0x00000010   Code   RO          738    i.SSP1_Uninitialize  ssp_lpc17xx.o
    0x00004178   0x0000000c   Code   RO          739    i.SSP_GetCapabilities  ssp_lpc17xx.o
    0x00004184   0x00000010   Code   RO          740    i.SSP_GetVersion    ssp_lpc17xx.o
    0x00004194   0x0000051e   Code   RO          741    i.SSPx_Control      ssp_lpc17xx.o
    0x000046b2   0x00000036   Code   RO          742    i.SSPx_GPDMA_Rx_SignalEvent  ssp_lpc17xx.o
    0x000046e8   0x0000001c   Code   RO          743    i.SSPx_GPDMA_Tx_SignalEvent  ssp_lpc17xx.o
    0x00004704   0x0000002c   Code   RO          744    i.SSPx_GetDataCount  ssp_lpc17xx.o
    0x00004730   0x0000005a   Code   RO          745    i.SSPx_GetStatus    ssp_lpc17xx.o
    0x0000478a   0x00000104   Code   RO          746    i.SSPx_IRQHandler   ssp_lpc17xx.o
    0x0000488e   0x000000a8   Code   RO          747    i.SSPx_Initialize   ssp_lpc17xx.o
    0x00004936   0x00000002   PAD
    0x00004938   0x000001b4   Code   RO          748    i.SSPx_PowerControl  ssp_lpc17xx.o
    0x00004aec   0x0000015c   Code   RO          749    i.SSPx_Receive      ssp_lpc17xx.o
    0x00004c48   0x00000154   Code   RO          750    i.SSPx_Send         ssp_lpc17xx.o
    0x00004d9c   0x00000152   Code   RO          751    i.SSPx_Transfer     ssp_lpc17xx.o
    0x00004eee   0x00000070   Code   RO          752    i.SSPx_Uninitialize  ssp_lpc17xx.o
    0x00004f5e   0x00000002   PAD
    0x00004f60   0x000000b8   Code   RO          566    i.SendFrame         emac_lpc17xx.o
    0x00005018   0x000000ac   Code   RO          567    i.SetAddressFilter  emac_lpc17xx.o
    0x000050c4   0x00000040   Code   RO         1117    i.SetInterface      phy_dp83848c.o
    0x00005104   0x0000004c   Code   RO          568    i.SetMacAddress     emac_lpc17xx.o
    0x00005150   0x00000088   Code   RO         1118    i.SetMode           phy_dp83848c.o
    0x000051d8   0x00000038   Code   RO         1181    i.Set_Channel_active_flag  gpdma_lpc17xx.o
    0x00005210   0x00000140   Code   RO         1362    i.SystemInit        system_lpc17xx.o
    0x00005350   0x00000074   Code   RO            4    i.UART              main.o
    0x000053c4   0x00000010   Code   RO          901    i.UART1_IRQHandler  uart_lpc17xx.o
    0x000053d4   0x00000018   Code   RO          902    i.USART1_Control    uart_lpc17xx.o
    0x000053ec   0x00000014   Code   RO          903    i.USART1_GPDMA_Rx_Event  uart_lpc17xx.o
    0x00005400   0x00000014   Code   RO          904    i.USART1_GPDMA_Tx_Event  uart_lpc17xx.o
    0x00005414   0x00000010   Code   RO          905    i.USART1_GetCapabilities  uart_lpc17xx.o
    0x00005424   0x00000010   Code   RO          906    i.USART1_GetModemStatus  uart_lpc17xx.o
    0x00005434   0x00000010   Code   RO          907    i.USART1_GetRxCount  uart_lpc17xx.o
    0x00005444   0x00000010   Code   RO          908    i.USART1_GetStatus  uart_lpc17xx.o
    0x00005454   0x00000010   Code   RO          909    i.USART1_GetTxCount  uart_lpc17xx.o
    0x00005464   0x00000014   Code   RO          910    i.USART1_Initialize  uart_lpc17xx.o
    0x00005478   0x00000014   Code   RO          911    i.USART1_PowerControl  uart_lpc17xx.o
    0x0000548c   0x00000018   Code   RO          912    i.USART1_Receive    uart_lpc17xx.o
    0x000054a4   0x00000018   Code   RO          913    i.USART1_Send       uart_lpc17xx.o
    0x000054bc   0x00000014   Code   RO          914    i.USART1_SetModemControl  uart_lpc17xx.o
    0x000054d0   0x0000001c   Code   RO          915    i.USART1_Transfer   uart_lpc17xx.o
    0x000054ec   0x00000010   Code   RO          916    i.USART1_Uninitialize  uart_lpc17xx.o
    0x000054fc   0x00000670   Code   RO          917    i.USART_Control     uart_lpc17xx.o
    0x00005b6c   0x00000086   Code   RO          918    i.USART_GPDMA_Rx_Event  uart_lpc17xx.o
    0x00005bf2   0x0000004a   Code   RO          919    i.USART_GPDMA_Tx_Event  uart_lpc17xx.o
    0x00005c3c   0x00000006   Code   RO          920    i.USART_GetCapabilities  uart_lpc17xx.o
    0x00005c42   0x000000ec   Code   RO          921    i.USART_GetModemStatus  uart_lpc17xx.o
    0x00005d2e   0x0000001c   Code   RO          922    i.USART_GetRxCount  uart_lpc17xx.o
    0x00005d4a   0x000000bc   Code   RO          923    i.USART_GetStatus   uart_lpc17xx.o
    0x00005e06   0x0000001c   Code   RO          924    i.USART_GetTxCount  uart_lpc17xx.o
    0x00005e22   0x0000026c   Code   RO          925    i.USART_IRQHandler  uart_lpc17xx.o
    0x0000608e   0x000000fe   Code   RO          926    i.USART_Initialize  uart_lpc17xx.o
    0x0000618c   0x0000024c   Code   RO          927    i.USART_PowerControl  uart_lpc17xx.o
    0x000063d8   0x00000110   Code   RO          928    i.USART_Receive     uart_lpc17xx.o
    0x000064e8   0x00000068   Code   RO          929    i.USART_RxLineIntHandler  uart_lpc17xx.o
    0x00006550   0x0000019c   Code   RO          930    i.USART_Send        uart_lpc17xx.o
    0x000066ec   0x00000134   Code   RO          931    i.USART_SetBaudrate  uart_lpc17xx.o
    0x00006820   0x000000a0   Code   RO          932    i.USART_SetModemControl  uart_lpc17xx.o
    0x000068c0   0x0000007a   Code   RO          933    i.USART_Transfer    uart_lpc17xx.o
    0x0000693a   0x000000e2   Code   RO          934    i.USART_Uninitialize  uart_lpc17xx.o
    0x00006a1c   0x00000010   Code   RO          935    i.USARTx_GetVersion  uart_lpc17xx.o
    0x00006a2c   0x00000100   Code   RO          569    i.Uninitialize      emac_lpc17xx.o
    0x00006b2c   0x00000014   Code   RO         1119    i.Uninitialize      phy_dp83848c.o
    0x00006b40   0x00000028   Code   RO         3747    i.__ARM_fpclassify  m_ws.l(fpclassify.o)
    0x00006b68   0x0000001c   Code   RO          753    i.__NVIC_ClearPendingIRQ  ssp_lpc17xx.o
    0x00006b84   0x0000001c   Code   RO          936    i.__NVIC_ClearPendingIRQ  uart_lpc17xx.o
    0x00006ba0   0x0000001c   Code   RO         1182    i.__NVIC_ClearPendingIRQ  gpdma_lpc17xx.o
    0x00006bbc   0x0000002c   Code   RO          492    i.__user_perthread_libspace  rtx_conf_cm.o
    0x00006be8   0x00000046   Code   RO         3115    i._init_box         RTX_CM3.lib(rt_membox.o)
    0x00006c2e   0x0000000e   Code   RO         3549    i._is_digit         c_w.l(__printf_wp.o)
    0x00006c3c   0x00000020   Code   RO          493    i._mutex_acquire    rtx_conf_cm.o
    0x00006c5c   0x0000001c   Code   RO          495    i._mutex_release    rtx_conf_cm.o
    0x00006c78   0x00000034   Code   RO         2592    i.add_server_id     Net_CM3_L.lib(net_http_server.o)
    0x00006cac   0x00000098   Code   RO         2329    i.arp_cache_alloc   Net_CM3_L.lib(net_arp.o)
    0x00006d44   0x00000040   Code   RO         2330    i.arp_is_cacheable  Net_CM3_L.lib(net_arp.o)
    0x00006d84   0x00000040   Code   RO         2331    i.arp_probe_run     Net_CM3_L.lib(net_arp.o)
    0x00006dc4   0x00000080   Code   RO         2332    i.arp_proc_response  Net_CM3_L.lib(net_arp.o)
    0x00006e44   0x0000008c   Code   RO         2333    i.arp_send_reply    Net_CM3_L.lib(net_arp.o)
    0x00006ed0   0x000000b8   Code   RO         2334    i.arp_send_request  Net_CM3_L.lib(net_arp.o)
    0x00006f88   0x00000170   Code   RO         2593    i.chk_post_req      Net_CM3_L.lib(net_http_server.o)
    0x000070f8   0x0000001e   Code   RO         2594    i.cmp_fname_ext     Net_CM3_L.lib(net_http_server.o)
    0x00007116   0x00000028   Code   RO         2595    i.cmp_header        Net_CM3_L.lib(net_http_server.o)
    0x0000713e   0x00000002   PAD
    0x00007140   0x00000024   Code   RO           92    i.crc32_8bit        fichierweb.o
    0x00007164   0x00000028   Code   RO          570    i.crc32_8bit_rev    emac_lpc17xx.o
    0x0000718c   0x00000022   Code   RO          571    i.crc32_data        emac_lpc17xx.o
    0x000071ae   0x00000002   PAD
    0x000071b0   0x00000030   Code   RO         3168    i.dbg_init          RTX_CM3.lib(hal_cm.o)
    0x000071e0   0x00000020   Code   RO         3169    i.dbg_task_notify   RTX_CM3.lib(hal_cm.o)
    0x00007200   0x00000010   Code   RO         3170    i.dbg_task_switch   RTX_CM3.lib(hal_cm.o)
    0x00007210   0x0000002c   Code   RO          266    i.delay_ms          glcd_mcb1700.o
    0x0000723c   0x000000a0   Code   RO         2283    i.eth_check_link    Net_CM3_L.lib(net_eth.o)
    0x000072dc   0x00000010   Code   RO         2284    i.eth_lock          Net_CM3_L.lib(net_eth.o)
    0x000072ec   0x0000001e   Code   RO         2285    i.eth_make_mcast4   Net_CM3_L.lib(net_eth.o)
    0x0000730a   0x0000001a   Code   RO         2286    i.eth_make_mcast6   Net_CM3_L.lib(net_eth.o)
    0x00007324   0x00000014   Code   RO         2287    i.eth_notify        Net_CM3_L.lib(net_eth.o)
    0x00007338   0x00000088   Code   RO         2289    i.eth_receive       Net_CM3_L.lib(net_eth.o)
    0x000073c0   0x0000000c   Code   RO         2290    i.eth_unlock        Net_CM3_L.lib(net_eth.o)
    0x000073cc   0x0000001c   Code   RO         3385    i.get_crc32         Net_CM3_L.lib(net_common.o)
    0x000073e8   0x00000028   Code   RO         2596    i.get_next_field    Net_CM3_L.lib(net_http_server.o)
    0x00007410   0x00000032   Code   RO         2597    i.get_next_par      Net_CM3_L.lib(net_http_server.o)
    0x00007442   0x00000022   Code   RO         2598    i.hex2byte          Net_CM3_L.lib(net_http_server.o)
    0x00007464   0x0000033c   Code   RO         2599    i.http_add_header   Net_CM3_L.lib(net_http_server.o)
    0x000077a0   0x000001b4   Code   RO         2600    i.http_error_msg    Net_CM3_L.lib(net_http_server.o)
    0x00007954   0x00000078   Code   RO         2601    i.http_get_ftype    Net_CM3_L.lib(net_http_server.o)
    0x000079cc   0x0000005e   Code   RO         2602    i.http_kill_session  Net_CM3_L.lib(net_http_server.o)
    0x00007a2a   0x00000002   PAD
    0x00007a2c   0x00000218   Code   RO         2603    i.http_listener     Net_CM3_L.lib(net_http_server.o)
    0x00007c44   0x00000118   Code   RO         2604    i.http_open_file    Net_CM3_L.lib(net_http_server.o)
    0x00007d5c   0x00000154   Code   RO         2605    i.http_proc_header  Net_CM3_L.lib(net_http_server.o)
    0x00007eb0   0x00000178   Code   RO         2606    i.http_proc_multipart  Net_CM3_L.lib(net_http_server.o)
    0x00008028   0x000000f4   Code   RO         2607    i.http_proc_post    Net_CM3_L.lib(net_http_server.o)
    0x0000811c   0x000003a8   Code   RO         2608    i.http_server_run   Net_CM3_L.lib(net_http_server.o)
    0x000084c4   0x00000040   Code   RO         2609    i.http_server_start  Net_CM3_L.lib(net_http_server.o)
    0x00008504   0x00000020   Code   RO         2610    i.http_strcpy       Net_CM3_L.lib(net_http_server.o)
    0x00008524   0x000000a4   Code   RO         2611    i.http_to_utc       Net_CM3_L.lib(net_http_server.o)
    0x000085c8   0x00000030   Code   RO         2378    i.igmp_map_group    Net_CM3_L.lib(net_igmp.o)
    0x000085f8   0x0000006c   Code   RO         2379    i.igmp_send_report  Net_CM3_L.lib(net_igmp.o)
    0x00008664   0x00000064   Code   RO           93    i.imageFileInfo     fichierweb.o
    0x000086c8   0x00000068   Code   RO          572    i.init_rx_desc      emac_lpc17xx.o
    0x00008730   0x0000005c   Code   RO          573    i.init_tx_desc      emac_lpc17xx.o
    0x0000878c   0x00000044   Code   RO          574    i.input_MDIO        emac_lpc17xx.o
    0x000087d0   0x0000000a   Code   RO         3280    i.ip4_get_chksum    Net_CM3_L.lib(net_ip4.o)
    0x000087da   0x00000002   PAD
    0x000087dc   0x00000090   Code   RO         3281    i.ip4_get_route     Net_CM3_L.lib(net_ip4.o)
    0x0000886c   0x0000002c   Code   RO         3308    i.ip6_get_route     Net_CM3_L.lib(net_ip6.o)
    0x00008898   0x0000002a   Code   RO         1546    i.isrMessageGet     RTX_CM3.lib(rt_cmsis.o)
    0x000088c2   0x0000002c   Code   RO         1547    i.isrMessagePut     RTX_CM3.lib(rt_cmsis.o)
    0x000088ee   0x00000028   Code   RO         1548    i.isrSemaphoreRelease  RTX_CM3.lib(rt_cmsis.o)
    0x00008916   0x00000024   Code   RO         1549    i.isrSignalSet      RTX_CM3.lib(rt_cmsis.o)
    0x0000893a   0x00000002   PAD
    0x0000893c   0x00000028   Code   RO         2852    i.isr_evt_set       RTX_CM3.lib(rt_event.o)
    0x00008964   0x00000056   Code   RO         2970    i.isr_mbx_receive   RTX_CM3.lib(rt_mailbox.o)
    0x000089ba   0x0000000e   Code   RO         2971    i.isr_mbx_send      RTX_CM3.lib(rt_mailbox.o)
    0x000089c8   0x00000010   Code   RO         3018    i.isr_sem_send      RTX_CM3.lib(rt_semaphore.o)
    0x000089d8   0x000000bc   Code   RO            5    i.main              main.o
    0x00008a94   0x00000010   Code   RO         3363    i.mem_lock          Net_CM3_L.lib(net_mem.o)
    0x00008aa4   0x0000000c   Code   RO         3364    i.mem_unlock        Net_CM3_L.lib(net_mem.o)
    0x00008ab0   0x00000160   Code   RO         2580    i.nbns_listener     Net_CM3_L.lib(net_nbns_client.o)
    0x00008c10   0x0000009c   Code   RO         3226    i.ndp_cache_add     Net_CM3_L.lib(net_ndp.o)
    0x00008cac   0x00000084   Code   RO         3227    i.ndp_cache_alloc   Net_CM3_L.lib(net_ndp.o)
    0x00008d30   0x0000002c   Code   RO         3228    i.ndp_check_frame   Net_CM3_L.lib(net_ndp.o)
    0x00008d5c   0x0000005c   Code   RO         3229    i.ndp_is_onlink     Net_CM3_L.lib(net_ndp.o)
    0x00008db8   0x00000012   Code   RO         3230    i.ndp_next_opt      Net_CM3_L.lib(net_ndp.o)
    0x00008dca   0x00000002   PAD
    0x00008dcc   0x000000b8   Code   RO         3231    i.ndp_prefix_add    Net_CM3_L.lib(net_ndp.o)
    0x00008e84   0x00000040   Code   RO         3232    i.ndp_probe_run     Net_CM3_L.lib(net_ndp.o)
    0x00008ec4   0x0000007c   Code   RO         3233    i.ndp_proc_response  Net_CM3_L.lib(net_ndp.o)
    0x00008f40   0x0000003c   Code   RO         3234    i.ndp_router_remove  Net_CM3_L.lib(net_ndp.o)
    0x00008f7c   0x0000006c   Code   RO         3235    i.ndp_send_reply    Net_CM3_L.lib(net_ndp.o)
    0x00008fe8   0x00000084   Code   RO         3236    i.ndp_send_request  Net_CM3_L.lib(net_ndp.o)
    0x0000906c   0x000000fc   Code   RO         3237    i.ndp_slaac_run     Net_CM3_L.lib(net_ndp.o)
    0x00009168   0x00000004   Code   RO         2612    i.netCGI_Charset    Net_CM3_L.lib(net_http_server.o)
    0x0000916c   0x00000004   Code   RO         2613    i.netCGI_ContentType  Net_CM3_L.lib(net_http_server.o)
    0x00009170   0x0000006c   Code   RO         2614    i.netCGI_GetEnvVar  Net_CM3_L.lib(net_http_server.o)
    0x000091dc   0x000000dc   Code   RO          115    i.netCGI_ProcessData  http_server_cgi.o
    0x000092b8   0x00000002   Code   RO         2616    i.netCGI_ProcessQuery  Net_CM3_L.lib(net_http_server.o)
    0x000092ba   0x00000004   Code   RO         2617    i.netCGI_Redirect   Net_CM3_L.lib(net_http_server.o)
    0x000092be   0x00000002   PAD
    0x000092c0   0x000000f8   Code   RO          116    i.netCGI_Script     http_server_cgi.o
    0x000093b8   0x00000004   Code   RO         2619    i.netCGX_ContentType  Net_CM3_L.lib(net_http_server.o)
    0x000093bc   0x00000058   Code   RO         2725    i.netCore_Thread    Net_CM3_L.lib(net_sys.o)
    0x00009414   0x00000002   Code   RO         2291    i.netETH_Notify     Net_CM3_L.lib(net_eth.o)
    0x00009416   0x00000002   PAD
    0x00009418   0x0000003c   Code   RO         2292    i.netETH_Thread     Net_CM3_L.lib(net_eth.o)
    0x00009454   0x00000004   Code   RO         2620    i.netHTTPs_AcceptClient  Net_CM3_L.lib(net_http_server.o)
    0x00009458   0x00000004   Code   RO         2621    i.netHTTPs_CheckAccount  Net_CM3_L.lib(net_http_server.o)
    0x0000945c   0x00000004   Code   RO         2622    i.netHTTPs_FileAccess  Net_CM3_L.lib(net_http_server.o)
    0x00009460   0x00000002   Code   RO         1396    i.netHTTPs_fclose   net_config.o
    0x00009462   0x00000004   Code   RO         1397    i.netHTTPs_fgets    net_config.o
    0x00009466   0x00000004   Code   RO         1398    i.netHTTPs_fopen    net_config.o
    0x0000946a   0x00000004   Code   RO         1399    i.netHTTPs_fread    net_config.o
    0x0000946e   0x00000002   Code   RO         1400    i.netHTTPs_fstat    net_config.o
    0x00009470   0x00000088   Code   RO         2728    i.netInitialize     Net_CM3_L.lib(net_sys.o)
    0x000094f8   0x0000007c   Code   RO         3419    i.netMAC_aton       Net_CM3_L.lib(net_addr.o)
    0x00009574   0x00000004   Code   RO         1402    i.netTLS_buf        net_config.o
    0x00009578   0x00000002   Code   RO         1403    i.netTLS_close      net_config.o
    0x0000957a   0x00000002   Code   RO         1404    i.netTLS_send       net_config.o
    0x0000957c   0x00000004   Code   RO         1405    i.netTLS_socket     net_config.o
    0x00009580   0x00000068   Code   RO         3421    i.net_addr4_aton    Net_CM3_L.lib(net_addr.o)
    0x000095e8   0x0000001a   Code   RO         3422    i.net_addr4_is_subnet  Net_CM3_L.lib(net_addr.o)
    0x00009602   0x00000002   PAD
    0x00009604   0x000000f4   Code   RO         3424    i.net_addr6_aton    Net_CM3_L.lib(net_addr.o)
    0x000096f8   0x00000028   Code   RO         3425    i.net_addr6_comp    Net_CM3_L.lib(net_addr.o)
    0x00009720   0x00000012   Code   RO         3426    i.net_addr6_copy    Net_CM3_L.lib(net_addr.o)
    0x00009732   0x00000002   PAD
    0x00009734   0x0000004c   Code   RO         3427    i.net_addr6_create  Net_CM3_L.lib(net_addr.o)
    0x00009780   0x0000002c   Code   RO         3428    i.net_addr6_get_solicited  Net_CM3_L.lib(net_addr.o)
    0x000097ac   0x00000018   Code   RO         3429    i.net_addr6_is_linklocal  Net_CM3_L.lib(net_addr.o)
    0x000097c4   0x0000006c   Code   RO         3430    i.net_addr6_is_onlink  Net_CM3_L.lib(net_addr.o)
    0x00009830   0x00000048   Code   RO         3431    i.net_addr6_is_solicited  Net_CM3_L.lib(net_addr.o)
    0x00009878   0x00000018   Code   RO         3432    i.net_addr6_is_unspec  Net_CM3_L.lib(net_addr.o)
    0x00009890   0x0000000e   Code   RO         3437    i.net_addr_get_local  Net_CM3_L.lib(net_addr.o)
    0x0000989e   0x00000022   Code   RO         3438    i.net_addr_is_unspec  Net_CM3_L.lib(net_addr.o)
    0x000098c0   0x000000b0   Code   RO         2340    i.net_arp_cache_add  Net_CM3_L.lib(net_arp.o)
    0x00009970   0x00000094   Code   RO         2341    i.net_arp_cache_early  Net_CM3_L.lib(net_arp.o)
    0x00009a04   0x000000b0   Code   RO         2342    i.net_arp_cache_find  Net_CM3_L.lib(net_arp.o)
    0x00009ab4   0x00000038   Code   RO         2344    i.net_arp_init      Net_CM3_L.lib(net_arp.o)
    0x00009aec   0x0000002c   Code   RO         2345    i.net_arp_notify    Net_CM3_L.lib(net_arp.o)
    0x00009b18   0x00000148   Code   RO         2347    i.net_arp_process   Net_CM3_L.lib(net_arp.o)
    0x00009c60   0x000000f8   Code   RO         2348    i.net_arp_run       Net_CM3_L.lib(net_arp.o)
    0x00009d58   0x0000007a   Code   RO         3386    i.net_b64_decode    Net_CM3_L.lib(net_common.o)
    0x00009dd2   0x00000002   PAD
    0x00009dd4   0x00000218   Code   RO         2295    i.net_eth_iface_init  Net_CM3_L.lib(net_eth.o)
    0x00009fec   0x00000174   Code   RO         2296    i.net_eth_iface_run  Net_CM3_L.lib(net_eth.o)
    0x0000a160   0x00000020   Code   RO         2297    i.net_eth_is_my_addr  Net_CM3_L.lib(net_eth.o)
    0x0000a180   0x0000003c   Code   RO         2298    i.net_eth_output    Net_CM3_L.lib(net_eth.o)
    0x0000a1bc   0x000000dc   Code   RO         2299    i.net_eth_send_frame  Net_CM3_L.lib(net_eth.o)
    0x0000a298   0x00000108   Code   RO         2301    i.net_eth_update_filter  Net_CM3_L.lib(net_eth.o)
    0x0000a3a0   0x000000a4   Code   RO         2639    i.net_http_server_init  Net_CM3_L.lib(net_http_server.o)
    0x0000a444   0x00000014   Code   RO         2640    i.net_http_server_run  Net_CM3_L.lib(net_http_server.o)
    0x0000a458   0x00000130   Code   RO         3343    i.net_icmp6_process  Net_CM3_L.lib(net_icmp6.o)
    0x0000a588   0x0000005c   Code   RO         3344    i.net_icmp6_send    Net_CM3_L.lib(net_icmp6.o)
    0x0000a5e4   0x00000050   Code   RO         3345    i.net_icmp6_send_echo  Net_CM3_L.lib(net_icmp6.o)
    0x0000a634   0x000000e0   Code   RO         3333    i.net_icmp_process  Net_CM3_L.lib(net_icmp.o)
    0x0000a714   0x0000007c   Code   RO         3334    i.net_icmp_send_echo  Net_CM3_L.lib(net_icmp.o)
    0x0000a790   0x0000003c   Code   RO         2382    i.net_igmp_collect_addr  Net_CM3_L.lib(net_igmp.o)
    0x0000a7cc   0x00000030   Code   RO         2383    i.net_igmp_host_init  Net_CM3_L.lib(net_igmp.o)
    0x0000a7fc   0x0000007c   Code   RO         2384    i.net_igmp_host_run  Net_CM3_L.lib(net_igmp.o)
    0x0000a878   0x0000001c   Code   RO         2385    i.net_igmp_is_member  Net_CM3_L.lib(net_igmp.o)
    0x0000a894   0x000000ec   Code   RO         2386    i.net_igmp_process  Net_CM3_L.lib(net_igmp.o)
    0x0000a980   0x0000004c   Code   RO         3282    i.net_ip4_checksum  Net_CM3_L.lib(net_ip4.o)
    0x0000a9cc   0x000000cc   Code   RO         3283    i.net_ip4_chk_frame  Net_CM3_L.lib(net_ip4.o)
    0x0000aa98   0x00000032   Code   RO         3284    i.net_ip4_chksum_buf  Net_CM3_L.lib(net_ip4.o)
    0x0000aaca   0x00000002   PAD
    0x0000aacc   0x00000040   Code   RO         3285    i.net_ip4_get_local  Net_CM3_L.lib(net_ip4.o)
    0x0000ab0c   0x00000010   Code   RO         3286    i.net_ip4_init      Net_CM3_L.lib(net_ip4.o)
    0x0000ab1c   0x0000002c   Code   RO         3287    i.net_ip4_is_subcast  Net_CM3_L.lib(net_ip4.o)
    0x0000ab48   0x00000114   Code   RO         3288    i.net_ip4_send_frame  Net_CM3_L.lib(net_ip4.o)
    0x0000ac5c   0x00000034   Code   RO         3289    i.net_ip4_tx_offload  Net_CM3_L.lib(net_ip4.o)
    0x0000ac90   0x00000052   Code   RO         3309    i.net_ip6_checksum  Net_CM3_L.lib(net_ip6.o)
    0x0000ace2   0x00000002   PAD
    0x0000ace4   0x000000a4   Code   RO         3310    i.net_ip6_chk_frame  Net_CM3_L.lib(net_ip6.o)
    0x0000ad88   0x0000005c   Code   RO         3311    i.net_ip6_get_local  Net_CM3_L.lib(net_ip6.o)
    0x0000ade4   0x00000010   Code   RO         3312    i.net_ip6_init      Net_CM3_L.lib(net_ip6.o)
    0x0000adf4   0x000000b4   Code   RO         3313    i.net_ip6_send_frame  Net_CM3_L.lib(net_ip6.o)
    0x0000aea8   0x0000000c   Code   RO         3314    i.net_ip6_tx_netif  Net_CM3_L.lib(net_ip6.o)
    0x0000aeb4   0x00000030   Code   RO         3315    i.net_ip6_tx_offload  Net_CM3_L.lib(net_ip6.o)
    0x0000aee4   0x00000028   Code   RO         2404    i.net_loop_iface_init  Net_CM3_L.lib(net_loop.o)
    0x0000af0c   0x00000094   Code   RO         2405    i.net_loop_iface_run  Net_CM3_L.lib(net_loop.o)
    0x0000afa0   0x00000048   Code   RO         2406    i.net_loop_send_frame  Net_CM3_L.lib(net_loop.o)
    0x0000afe8   0x0000008c   Code   RO         3365    i.net_mem_alloc     Net_CM3_L.lib(net_mem.o)
    0x0000b074   0x0000001c   Code   RO         3366    i.net_mem_avail     Net_CM3_L.lib(net_mem.o)
    0x0000b090   0x0000006c   Code   RO         3367    i.net_mem_free      Net_CM3_L.lib(net_mem.o)
    0x0000b0fc   0x00000060   Code   RO         3368    i.net_mem_init      Net_CM3_L.lib(net_mem.o)
    0x0000b15c   0x00000038   Code   RO         3369    i.net_mem_shrink    Net_CM3_L.lib(net_mem.o)
    0x0000b194   0x00000020   Code   RO         3389    i.net_memcrc        Net_CM3_L.lib(net_common.o)
    0x0000b1b4   0x0000002c   Code   RO         2581    i.net_nbns_client_init  Net_CM3_L.lib(net_nbns_client.o)
    0x0000b1e0   0x00000094   Code   RO         3242    i.net_ndp_cache_find  Net_CM3_L.lib(net_ndp.o)
    0x0000b274   0x00000054   Code   RO         3244    i.net_ndp_cache_refresh  Net_CM3_L.lib(net_ndp.o)
    0x0000b2c8   0x00000050   Code   RO         3246    i.net_ndp_init      Net_CM3_L.lib(net_ndp.o)
    0x0000b318   0x0000022c   Code   RO         3247    i.net_ndp_process   Net_CM3_L.lib(net_ndp.o)
    0x0000b544   0x000000d0   Code   RO         3248    i.net_ndp_run       Net_CM3_L.lib(net_ndp.o)
    0x0000b614   0x00000034   Code   RO         2731    i.net_path          Net_CM3_L.lib(net_sys.o)
    0x0000b648   0x00000010   Code   RO         2709    i.net_ping_client_init  Net_CM3_L.lib(net_ping.o)
    0x0000b658   0x00000040   Code   RO         2710    i.net_ping_client_run  Net_CM3_L.lib(net_ping.o)
    0x0000b698   0x00000004   Code   RO         1407    i.net_ppp_send_frame  net_config.o
    0x0000b69c   0x0000001c   Code   RO         2732    i.net_rand32        Net_CM3_L.lib(net_sys.o)
    0x0000b6b8   0x00000004   Code   RO         1410    i.net_slip_send_frame  net_config.o
    0x0000b6bc   0x00000016   Code   RO         3391    i.net_strchr        Net_CM3_L.lib(net_common.o)
    0x0000b6d2   0x0000001a   Code   RO         3392    i.net_strcmp        Net_CM3_L.lib(net_common.o)
    0x0000b6ec   0x00000012   Code   RO         3393    i.net_strcpy        Net_CM3_L.lib(net_common.o)
    0x0000b6fe   0x0000001a   Code   RO         3395    i.net_strtoupper    Net_CM3_L.lib(net_common.o)
    0x0000b718   0x00000002   Code   RO         1412    i.net_sys_error     net_config.o
    0x0000b71a   0x00000002   PAD
    0x0000b71c   0x00000010   Code   RO         2733    i.net_sys_lock      Net_CM3_L.lib(net_sys.o)
    0x0000b72c   0x00000014   Code   RO         2734    i.net_sys_tick      Net_CM3_L.lib(net_sys.o)
    0x0000b740   0x0000000c   Code   RO         2735    i.net_sys_unlock    Net_CM3_L.lib(net_sys.o)
    0x0000b74c   0x00000020   Code   RO         2736    i.net_sys_wakeup    Net_CM3_L.lib(net_sys.o)
    0x0000b76c   0x0000005c   Code   RO         2483    i.net_tcp_abort     Net_CM3_L.lib(net_tcp.o)
    0x0000b7c8   0x000000ac   Code   RO         2486    i.net_tcp_close     Net_CM3_L.lib(net_tcp.o)
    0x0000b874   0x0000001e   Code   RO         2489    i.net_tcp_get_buf   Net_CM3_L.lib(net_tcp.o)
    0x0000b892   0x00000002   PAD
    0x0000b894   0x00000028   Code   RO         2491    i.net_tcp_get_mss   Net_CM3_L.lib(net_tcp.o)
    0x0000b8bc   0x0000004c   Code   RO         2493    i.net_tcp_get_socket  Net_CM3_L.lib(net_tcp.o)
    0x0000b908   0x0000002c   Code   RO         2494    i.net_tcp_get_state  Net_CM3_L.lib(net_tcp.o)
    0x0000b934   0x0000007c   Code   RO         2496    i.net_tcp_listen    Net_CM3_L.lib(net_tcp.o)
    0x0000b9b0   0x0000050e   Code   RO         2498    i.net_tcp_process   Net_CM3_L.lib(net_tcp.o)
    0x0000bebe   0x00000002   PAD
    0x0000bec0   0x000000e8   Code   RO         2502    i.net_tcp_send      Net_CM3_L.lib(net_tcp.o)
    0x0000bfa8   0x000000a4   Code   RO         2503    i.net_tcp_set_option  Net_CM3_L.lib(net_tcp.o)
    0x0000c04c   0x00000014   Code   RO         2504    i.net_tcp_socket_init  Net_CM3_L.lib(net_tcp.o)
    0x0000c060   0x000002d0   Code   RO         2505    i.net_tcp_socket_run  Net_CM3_L.lib(net_tcp.o)
    0x0000c330   0x0000001e   Code   RO         2427    i.net_udp_get_buf   Net_CM3_L.lib(net_udp.o)
    0x0000c34e   0x00000002   PAD
    0x0000c350   0x0000004c   Code   RO         2429    i.net_udp_get_socket  Net_CM3_L.lib(net_udp.o)
    0x0000c39c   0x0000006c   Code   RO         2431    i.net_udp_open      Net_CM3_L.lib(net_udp.o)
    0x0000c408   0x000000e4   Code   RO         2432    i.net_udp_process   Net_CM3_L.lib(net_udp.o)
    0x0000c4ec   0x00000174   Code   RO         2434    i.net_udp_send      Net_CM3_L.lib(net_udp.o)
    0x0000c660   0x00000014   Code   RO         2436    i.net_udp_socket_init  Net_CM3_L.lib(net_udp.o)
    0x0000c674   0x00000018   Code   RO         1550    i.osDelay           RTX_CM3.lib(rt_cmsis.o)
    0x0000c68c   0x00000024   Code   RO         1551    i.osKernelInitialize  RTX_CM3.lib(rt_cmsis.o)
    0x0000c6b0   0x0000006c   Code   RO         1553    i.osKernelStart     RTX_CM3.lib(rt_cmsis.o)
    0x0000c71c   0x00000018   Code   RO         1554    i.osKernelSysTick   RTX_CM3.lib(rt_cmsis.o)
    0x0000c734   0x00000018   Code   RO         1562    i.osMessageGet      RTX_CM3.lib(rt_cmsis.o)
    0x0000c74c   0x0000002c   Code   RO         1564    i.osMutexCreate     RTX_CM3.lib(rt_cmsis.o)
    0x0000c778   0x00000018   Code   RO         1566    i.osMutexRelease    RTX_CM3.lib(rt_cmsis.o)
    0x0000c790   0x00000018   Code   RO         1567    i.osMutexWait       RTX_CM3.lib(rt_cmsis.o)
    0x0000c7a8   0x0000002c   Code   RO         1572    i.osSemaphoreCreate  RTX_CM3.lib(rt_cmsis.o)
    0x0000c7d4   0x00000018   Code   RO         1574    i.osSemaphoreRelease  RTX_CM3.lib(rt_cmsis.o)
    0x0000c7ec   0x00000018   Code   RO         1575    i.osSemaphoreWait   RTX_CM3.lib(rt_cmsis.o)
    0x0000c804   0x00000018   Code   RO         1576    i.osSignalClear     RTX_CM3.lib(rt_cmsis.o)
    0x0000c81c   0x00000018   Code   RO         1577    i.osSignalSet       RTX_CM3.lib(rt_cmsis.o)
    0x0000c834   0x00000018   Code   RO         1578    i.osSignalWait      RTX_CM3.lib(rt_cmsis.o)
    0x0000c84c   0x0000002c   Code   RO         1579    i.osThreadCreate    RTX_CM3.lib(rt_cmsis.o)
    0x0000c878   0x00000018   Code   RO         1580    i.osThreadExit      RTX_CM3.lib(rt_cmsis.o)
    0x0000c890   0x00000018   Code   RO         1585    i.osThreadYield     RTX_CM3.lib(rt_cmsis.o)
    0x0000c8a8   0x0000000c   Code   RO         1586    i.osTimerCall       RTX_CM3.lib(rt_cmsis.o)
    0x0000c8b4   0x0000002c   Code   RO         1587    i.osTimerCreate     RTX_CM3.lib(rt_cmsis.o)
    0x0000c8e0   0x00000018   Code   RO         1589    i.osTimerStart      RTX_CM3.lib(rt_cmsis.o)
    0x0000c8f8   0x0000002c   Code   RO         1591    i.osTimerThread     RTX_CM3.lib(rt_cmsis.o)
    0x0000c924   0x00000022   Code   RO          496    i.os_error          rtx_conf_cm.o
    0x0000c946   0x00000004   Code   RO          497    i.os_idle_demon     rtx_conf_cm.o
    0x0000c94a   0x00000002   PAD
    0x0000c94c   0x00000028   Code   RO         2762    i.os_tick_init      RTX_CM3.lib(rt_system.o)
    0x0000c974   0x00000002   Code   RO         2763    i.os_tick_irqack    RTX_CM3.lib(rt_system.o)
    0x0000c976   0x00000002   PAD
    0x0000c978   0x00000010   Code   RO         2764    i.os_tick_ovf       RTX_CM3.lib(rt_system.o)
    0x0000c988   0x00000014   Code   RO         2765    i.os_tick_val       RTX_CM3.lib(rt_system.o)
    0x0000c99c   0x00000040   Code   RO          575    i.output_MDIO       emac_lpc17xx.o
    0x0000c9dc   0x0000001c   Code   RO         2711    i.ping_send_req     Net_CM3_L.lib(net_ping.o)
    0x0000c9f8   0x00000058   Code   RO         2642    i.proc_req_line     Net_CM3_L.lib(net_http_server.o)
    0x0000ca50   0x00000044   Code   RO          267    i.rd_dat            glcd_mcb1700.o
    0x0000ca94   0x000000c8   Code   RO          268    i.rd_id_man         glcd_mcb1700.o
    0x0000cb5c   0x00000010   Code   RO          269    i.rd_reg            glcd_mcb1700.o
    0x0000cb6c   0x000000a0   Code   RO         2643    i.read_script_line  Net_CM3_L.lib(net_http_server.o)
    0x0000cc0c   0x0000001a   Code   RO         3116    i.rt_alloc_box      RTX_CM3.lib(rt_membox.o)
    0x0000cc26   0x0000003e   Code   RO         3144    i.rt_alloc_mem      RTX_CM3.lib(rt_memory.o)
    0x0000cc64   0x00000038   Code   RO         2165    i.rt_block          RTX_CM3.lib(rt_task.o)
    0x0000cc9c   0x00000048   Code   RO         3093    i.rt_chk_robin      RTX_CM3.lib(rt_robin.o)
    0x0000cce4   0x00000070   Code   RO         2894    i.rt_dec_dly        RTX_CM3.lib(rt_list.o)
    0x0000cd54   0x00000044   Code   RO         2166    i.rt_dispatch       RTX_CM3.lib(rt_task.o)
    0x0000cd98   0x00000006   Code   RO         3060    i.rt_dly_wait       RTX_CM3.lib(rt_time.o)
    0x0000cd9e   0x00000002   PAD
    0x0000cda0   0x0000001c   Code   RO         2853    i.rt_evt_clr        RTX_CM3.lib(rt_event.o)
    0x0000cdbc   0x00000050   Code   RO         2855    i.rt_evt_psh        RTX_CM3.lib(rt_event.o)
    0x0000ce0c   0x0000005c   Code   RO         2856    i.rt_evt_set        RTX_CM3.lib(rt_event.o)
    0x0000ce68   0x0000003c   Code   RO         2857    i.rt_evt_wait       RTX_CM3.lib(rt_event.o)
    0x0000cea4   0x0000002c   Code   RO         3117    i.rt_free_box       RTX_CM3.lib(rt_membox.o)
    0x0000ced0   0x00000028   Code   RO         3145    i.rt_free_mem       RTX_CM3.lib(rt_memory.o)
    0x0000cef8   0x00000028   Code   RO         2895    i.rt_get_first      RTX_CM3.lib(rt_list.o)
    0x0000cf20   0x00000024   Code   RO         2896    i.rt_get_same_rdy_prio  RTX_CM3.lib(rt_list.o)
    0x0000cf44   0x00000008   Code   RO         1596    i.rt_id2obj         RTX_CM3.lib(rt_cmsis.o)
    0x0000cf4c   0x00000048   Code   RO         2167    i.rt_init_context   RTX_CM3.lib(rt_task.o)
    0x0000cf94   0x0000001a   Code   RO         3146    i.rt_init_mem       RTX_CM3.lib(rt_memory.o)
    0x0000cfae   0x00000002   PAD
    0x0000cfb0   0x00000018   Code   RO         3094    i.rt_init_robin     RTX_CM3.lib(rt_robin.o)
    0x0000cfc8   0x00000080   Code   RO         3171    i.rt_init_stack     RTX_CM3.lib(hal_cm.o)
    0x0000d048   0x00000008   Code   RO         2972    i.rt_mbx_check      RTX_CM3.lib(rt_mailbox.o)
    0x0000d050   0x0000001a   Code   RO         2973    i.rt_mbx_init       RTX_CM3.lib(rt_mailbox.o)
    0x0000d06a   0x00000002   PAD
    0x0000d06c   0x000000f0   Code   RO         2974    i.rt_mbx_psh        RTX_CM3.lib(rt_mailbox.o)
    0x0000d15c   0x000000b4   Code   RO         2976    i.rt_mbx_wait       RTX_CM3.lib(rt_mailbox.o)
    0x0000d210   0x00000044   Code   RO         1597    i.rt_ms2tick        RTX_CM3.lib(rt_cmsis.o)
    0x0000d254   0x00000010   Code   RO         2250    i.rt_mut_init       RTX_CM3.lib(rt_mutex.o)
    0x0000d264   0x000000d8   Code   RO         2251    i.rt_mut_release    RTX_CM3.lib(rt_mutex.o)
    0x0000d33c   0x00000078   Code   RO         2252    i.rt_mut_wait       RTX_CM3.lib(rt_mutex.o)
    0x0000d3b4   0x0000007c   Code   RO         2766    i.rt_pop_req        RTX_CM3.lib(rt_system.o)
    0x0000d430   0x00000020   Code   RO         2767    i.rt_psh_req        RTX_CM3.lib(rt_system.o)
    0x0000d450   0x0000005c   Code   RO         2897    i.rt_psq_enq        RTX_CM3.lib(rt_list.o)
    0x0000d4ac   0x00000048   Code   RO         2898    i.rt_put_dly        RTX_CM3.lib(rt_list.o)
    0x0000d4f4   0x00000036   Code   RO         2899    i.rt_put_prio       RTX_CM3.lib(rt_list.o)
    0x0000d52a   0x00000002   PAD
    0x0000d52c   0x00000014   Code   RO         2900    i.rt_put_rdy_first  RTX_CM3.lib(rt_list.o)
    0x0000d540   0x00000034   Code   RO         2901    i.rt_resort_prio    RTX_CM3.lib(rt_list.o)
    0x0000d574   0x00000006   Code   RO         3172    i.rt_ret_val        RTX_CM3.lib(hal_cm.o)
    0x0000d57a   0x00000008   Code   RO         3173    i.rt_ret_val2       RTX_CM3.lib(hal_cm.o)
    0x0000d582   0x00000028   Code   RO         2902    i.rt_rmv_dly        RTX_CM3.lib(rt_list.o)
    0x0000d5aa   0x00000002   PAD
    0x0000d5ac   0x00000030   Code   RO         2903    i.rt_rmv_list       RTX_CM3.lib(rt_list.o)
    0x0000d5dc   0x0000000c   Code   RO         3020    i.rt_sem_init       RTX_CM3.lib(rt_semaphore.o)
    0x0000d5e8   0x00000034   Code   RO         3021    i.rt_sem_psh        RTX_CM3.lib(rt_semaphore.o)
    0x0000d61c   0x0000002a   Code   RO         3022    i.rt_sem_send       RTX_CM3.lib(rt_semaphore.o)
    0x0000d646   0x00000002   PAD
    0x0000d648   0x00000040   Code   RO         3023    i.rt_sem_wait       RTX_CM3.lib(rt_semaphore.o)
    0x0000d688   0x00000024   Code   RO         2769    i.rt_stk_check      RTX_CM3.lib(rt_system.o)
    0x0000d6ac   0x00000028   Code   RO         2168    i.rt_switch_req     RTX_CM3.lib(rt_task.o)
    0x0000d6d4   0x000000cc   Code   RO         2169    i.rt_sys_init       RTX_CM3.lib(rt_task.o)
    0x0000d7a0   0x00000078   Code   RO         2170    i.rt_sys_start      RTX_CM3.lib(rt_task.o)
    0x0000d818   0x00000040   Code   RO         2771    i.rt_systick        RTX_CM3.lib(rt_system.o)
    0x0000d858   0x00000012   Code   RO         1598    i.rt_tid2ptcb       RTX_CM3.lib(rt_cmsis.o)
    0x0000d86a   0x00000002   PAD
    0x0000d86c   0x00000034   Code   RO         1599    i.rt_timer_insert   RTX_CM3.lib(rt_cmsis.o)
    0x0000d8a0   0x0000003c   Code   RO         1600    i.rt_timer_remove   RTX_CM3.lib(rt_cmsis.o)
    0x0000d8dc   0x00000088   Code   RO         2171    i.rt_tsk_create     RTX_CM3.lib(rt_task.o)
    0x0000d964   0x0000017c   Code   RO         2172    i.rt_tsk_delete     RTX_CM3.lib(rt_task.o)
    0x0000dae0   0x00000030   Code   RO         2173    i.rt_tsk_pass       RTX_CM3.lib(rt_task.o)
    0x0000db10   0x0000007c   Code   RO         2174    i.rt_tsk_prio       RTX_CM3.lib(rt_task.o)
    0x0000db8c   0x00000010   Code   RO         2175    i.rt_tsk_self       RTX_CM3.lib(rt_task.o)
    0x0000db9c   0x00000048   Code   RO         2644    i.search_delim      Net_CM3_L.lib(net_http_server.o)
    0x0000dbe4   0x0000002c   Code   RO          270    i.spi_tran          glcd_mcb1700.o
    0x0000dc10   0x00000088   Code   RO          271    i.spi_tran_man      glcd_mcb1700.o
    0x0000dc98   0x00000012   Code   RO         1601    i.svcDelay          RTX_CM3.lib(rt_cmsis.o)
    0x0000dcaa   0x00000002   PAD
    0x0000dcac   0x00000070   Code   RO         1602    i.svcKernelInitialize  RTX_CM3.lib(rt_cmsis.o)
    0x0000dd1c   0x00000048   Code   RO         1604    i.svcKernelStart    RTX_CM3.lib(rt_cmsis.o)
    0x0000dd64   0x00000038   Code   RO         1605    i.svcKernelSysTick  RTX_CM3.lib(rt_cmsis.o)
    0x0000dd9c   0x00000024   Code   RO         1607    i.svcMessageCreate  RTX_CM3.lib(rt_cmsis.o)
    0x0000ddc0   0x0000003a   Code   RO         1608    i.svcMessageGet     RTX_CM3.lib(rt_cmsis.o)
    0x0000ddfa   0x0000001c   Code   RO         1610    i.svcMutexCreate    RTX_CM3.lib(rt_cmsis.o)
    0x0000de16   0x00000022   Code   RO         1612    i.svcMutexRelease   RTX_CM3.lib(rt_cmsis.o)
    0x0000de38   0x0000003a   Code   RO         1613    i.svcMutexWait      RTX_CM3.lib(rt_cmsis.o)
    0x0000de72   0x00000024   Code   RO         1615    i.svcSemaphoreCreate  RTX_CM3.lib(rt_cmsis.o)
    0x0000de96   0x00000028   Code   RO         1617    i.svcSemaphoreRelease  RTX_CM3.lib(rt_cmsis.o)
    0x0000debe   0x00000032   Code   RO         1618    i.svcSemaphoreWait  RTX_CM3.lib(rt_cmsis.o)
    0x0000def0   0x00000024   Code   RO         1619    i.svcSignalClear    RTX_CM3.lib(rt_cmsis.o)
    0x0000df14   0x00000024   Code   RO         1620    i.svcSignalSet      RTX_CM3.lib(rt_cmsis.o)
    0x0000df38   0x00000054   Code   RO         1621    i.svcSignalWait     RTX_CM3.lib(rt_cmsis.o)
    0x0000df8c   0x0000006c   Code   RO         1622    i.svcThreadCreate   RTX_CM3.lib(rt_cmsis.o)
    0x0000dff8   0x0000001c   Code   RO         1623    i.svcThreadGetId    RTX_CM3.lib(rt_cmsis.o)
    0x0000e014   0x00000038   Code   RO         1626    i.svcThreadTerminate  RTX_CM3.lib(rt_cmsis.o)
    0x0000e04c   0x0000000a   Code   RO         1627    i.svcThreadYield    RTX_CM3.lib(rt_cmsis.o)
    0x0000e056   0x00000018   Code   RO         1628    i.svcTimerCall      RTX_CM3.lib(rt_cmsis.o)
    0x0000e06e   0x00000002   PAD
    0x0000e070   0x00000038   Code   RO         1629    i.svcTimerCreate    RTX_CM3.lib(rt_cmsis.o)
    0x0000e0a8   0x00000064   Code   RO         1631    i.svcTimerStart     RTX_CM3.lib(rt_cmsis.o)
    0x0000e10c   0x0000005c   Code   RO         1637    i.sysTimerTick      RTX_CM3.lib(rt_cmsis.o)
    0x0000e168   0x0000004c   Code   RO         2737    i.sys_proc_tick     Net_CM3_L.lib(net_sys.o)
    0x0000e1b4   0x000000e0   Code   RO         2506    i.tcp_map_socket    Net_CM3_L.lib(net_tcp.o)
    0x0000e294   0x0000005e   Code   RO         2507    i.tcp_parse_opt     Net_CM3_L.lib(net_tcp.o)
    0x0000e2f2   0x00000002   PAD
    0x0000e2f4   0x000000d4   Code   RO         2508    i.tcp_proc_acknr    Net_CM3_L.lib(net_tcp.o)
    0x0000e3c8   0x00000060   Code   RO         2509    i.tcp_proc_dupack   Net_CM3_L.lib(net_tcp.o)
    0x0000e428   0x0000001a   Code   RO         2510    i.tcp_que_free      Net_CM3_L.lib(net_tcp.o)
    0x0000e442   0x0000001a   Code   RO         2511    i.tcp_que_init      Net_CM3_L.lib(net_tcp.o)
    0x0000e45c   0x00000098   Code   RO         2512    i.tcp_que_resend    Net_CM3_L.lib(net_tcp.o)
    0x0000e4f4   0x0000007a   Code   RO         2513    i.tcp_send_ctrl     Net_CM3_L.lib(net_tcp.o)
    0x0000e56e   0x00000060   Code   RO         2514    i.tcp_send_data     Net_CM3_L.lib(net_tcp.o)
    0x0000e5ce   0x00000076   Code   RO         2515    i.tcp_send_reset    Net_CM3_L.lib(net_tcp.o)
    0x0000e644   0x0000002c   Code   RO         2516    i.tcp_set_cwnd      Net_CM3_L.lib(net_tcp.o)
    0x0000e670   0x00000074   Code   RO         2517    i.tcp_transit       Net_CM3_L.lib(net_tcp.o)
    0x0000e6e4   0x000000ec   Code   RO         2518    i.tcp_write         Net_CM3_L.lib(net_tcp.o)
    0x0000e7d0   0x0000002c   Code   RO          576    i.turnaround_MDIO   emac_lpc17xx.o
    0x0000e7fc   0x0000002c   Code   RO         2437    i.udp_port_in_use   Net_CM3_L.lib(net_udp.o)
    0x0000e828   0x000000f0   Code   RO         2645    i.utc_to_http       Net_CM3_L.lib(net_http_server.o)
    0x0000e918   0x0000004c   Code   RO          272    i.wr_cmd            glcd_mcb1700.o
    0x0000e964   0x00000034   Code   RO          274    i.wr_dat_only       glcd_mcb1700.o
    0x0000e998   0x00000018   Code   RO          275    i.wr_dat_start      glcd_mcb1700.o
    0x0000e9b0   0x00000014   Code   RO          276    i.wr_dat_stop       glcd_mcb1700.o
    0x0000e9c4   0x00000090   Code   RO          277    i.wr_reg            glcd_mcb1700.o
    0x0000ea54   0x0000002c   Code   RO         3743    locale$$code        c_w.l(lc_numeric_c.o)
    0x0000ea80   0x0000002c   Code   RO         3754    locale$$code        c_w.l(lc_ctype_c.o)
    0x0000eaac   0x0000000c   Code   RO         3665    x$fpl$dretinf       fz_ws.l(dretinf.o)
    0x0000eab8   0x00000056   Code   RO         3600    x$fpl$f2d           fz_ws.l(f2d.o)
    0x0000eb0e   0x00000002   PAD
    0x0000eb10   0x00000184   Code   RO         3603    x$fpl$fdiv          fz_ws.l(fdiv.o)
    0x0000ec94   0x00000030   Code   RO         3607    x$fpl$fflt          fz_ws.l(fflt_clz.o)
    0x0000ecc4   0x00000102   Code   RO         3612    x$fpl$fmul          fz_ws.l(fmul.o)
    0x0000edc6   0x0000008c   Code   RO         3667    x$fpl$fnaninf       fz_ws.l(fnaninf.o)
    0x0000ee52   0x0000000a   Code   RO         3669    x$fpl$fretinf       fz_ws.l(fretinf.o)
    0x0000ee5c   0x00000004   Code   RO         3614    x$fpl$printf1       fz_ws.l(printf1.o)
    0x0000ee60   0x00000004   Code   RO         3616    x$fpl$printf2       fz_ws.l(printf2.o)
    0x0000ee64   0x00000000   Code   RO         3671    x$fpl$usenofp       fz_ws.l(usenofp.o)
    0x0000ee64   0x00000030   Data   RO            6    .constdata          main.o
    0x0000ee94   0x0000acd0   Data   RO           94    .constdata          fichierweb.o
    0x00019b64   0x00000002   Data   RO          154    .constdata          adc_mcb1700.o
    0x00019b66   0x00000002   PAD
    0x00019b68   0x000018a0   Data   RO          235    .constdata          glcd_fonts.o
    0x0001b408   0x00000010   Data   RO          452    .constdata          led_mcb1700.o
    0x0001b418   0x00000068   Data   RO          499    .constdata          rtx_conf_cm.o
    0x0001b480   0x0000004c   Data   RO          578    .constdata          emac_lpc17xx.o
    0x0001b4cc   0x0000007c   Data   RO          755    .constdata          ssp_lpc17xx.o
    0x0001b548   0x000001d0   Data   RO          938    .constdata          uart_lpc17xx.o
    0x0001b718   0x00000024   Data   RO         1121    .constdata          phy_dp83848c.o
    0x0001b73c   0x00000148   Data   RO         1414    .constdata          net_config.o
    0x0001b884   0x00000006   Data   RO         2303    .constdata          Net_CM3_L.lib(net_eth.o)
    0x0001b88a   0x00000008   Data   RO         2387    .constdata          Net_CM3_L.lib(net_igmp.o)
    0x0001b892   0x00000008   Data   RO         2582    .constdata          Net_CM3_L.lib(net_nbns_client.o)
    0x0001b89a   0x000000fa   Data   RO         2646    .constdata          Net_CM3_L.lib(net_http_server.o)
    0x0001b994   0x00000012   Data   RO         2713    .constdata          Net_CM3_L.lib(net_ping.o)
    0x0001b9a6   0x00000002   PAD
    0x0001b9a8   0x00000008   Data   RO         2740    .constdata          Net_CM3_L.lib(net_sys.o)
    0x0001b9b0   0x00000008   Data   RO         3290    .constdata          Net_CM3_L.lib(net_ip4.o)
    0x0001b9b8   0x00000020   Data   RO         3316    .constdata          Net_CM3_L.lib(net_ip6.o)
    0x0001b9d8   0x00000010   Data   RO         3317    .constdata          Net_CM3_L.lib(net_ip6.o)
    0x0001b9e8   0x00000018   Data   RO         3355    .constdata          Net_CM3_L.lib(net_http_server_err.o)
    0x0001ba00   0x00000010   Data   RO         3442    .constdata          Net_CM3_L.lib(net_addr.o)
    0x0001ba10   0x00000008   Data   RO         3510    .constdata          c_w.l(_printf_wctomb.o)
    0x0001ba18   0x00000028   Data   RO         3531    .constdata          c_w.l(_printf_hex_int_ptr.o)
    0x0001ba40   0x00000011   Data   RO         3557    .constdata          c_w.l(__printf_flags_ss_wp.o)
    0x0001ba51   0x00000026   Data   RO         3641    .constdata          c_w.l(_printf_fp_hex.o)
    0x0001ba77   0x00000001   PAD
    0x0001ba78   0x00000094   Data   RO         3718    .constdata          c_w.l(bigflt0.o)
    0x0001bb0c   0x0000005d   Data   RO         1415    .conststring        net_config.o
    0x0001bb69   0x00000003   PAD
    0x0001bb6c   0x000001ff   Data   RO         3356    .conststring        Net_CM3_L.lib(net_http_server_err.o)
    0x0001bd6b   0x00000001   PAD
    0x0001bd6c   0x00000020   Data   RO         3878    Region$$Table       anon$$obj.o
    0x0001bd8c   0x0000001c   Data   RO         3742    locale$$data        c_w.l(lc_numeric_c.o)
    0x0001bda8   0x00000110   Data   RO         3753    locale$$data        c_w.l(lc_ctype_c.o)


    Execution Region RW_IRAM1 (Base: 0x10000000, Size: 0x000077e0, Max: 0x00008000, ABSOLUTE)

    Base Addr    Size         Type   Attr      Idx    E Section Name        Object

    0x10000000   0x0000000c   Data   RW            7    .data               main.o
    0x1000000c   0x00000017   Data   RW          118    .data               http_server_cgi.o
    0x10000023   0x00000001   PAD
    0x10000024   0x00000003   Data   RW          155    .data               adc_mcb1700.o
    0x10000027   0x00000001   PAD
    0x10000028   0x00000011   Data   RW          278    .data               glcd_mcb1700.o
    0x10000039   0x00000003   PAD
    0x1000003c   0x00000014   Data   RW          500    .data               rtx_conf_cm.o
    0x10000050   0x00000018   Data   RW          579    .data               emac_lpc17xx.o
    0x10000068   0x00000010   Data   RW          756    .data               ssp_lpc17xx.o
    0x10000078   0x00000004   Data   RW          939    .data               uart_lpc17xx.o
    0x1000007c   0x00000008   Data   RW         1184    .data               gpdma_lpc17xx.o
    0x10000084   0x00000004   Data   RW         1363    .data               system_lpc17xx.o
    0x10000088   0x0000000e   Data   RW         1416    .data               net_config.o
    0x10000096   0x00000002   PAD
    0x10000098   0x00000008   Data   RW         1640    .data               RTX_CM3.lib(rt_cmsis.o)
    0x100000a0   0x00000008   Data   RW         2177    .data               RTX_CM3.lib(rt_task.o)
    0x100000a8   0x00000001   Data   RW         2350    .data               Net_CM3_L.lib(net_arp.o)
    0x100000a9   0x00000001   PAD
    0x100000aa   0x00000004   Data   RW         2388    .data               Net_CM3_L.lib(net_igmp.o)
    0x100000ae   0x00000002   PAD
    0x100000b0   0x00000008   Data   RW         2407    .data               Net_CM3_L.lib(net_loop.o)
    0x100000b8   0x00000002   Data   RW         2439    .data               Net_CM3_L.lib(net_udp.o)
    0x100000ba   0x00000004   Data   RW         2521    .data               Net_CM3_L.lib(net_tcp.o)
    0x100000be   0x00000001   Data   RW         2583    .data               Net_CM3_L.lib(net_nbns_client.o)
    0x100000bf   0x00000001   PAD
    0x100000c0   0x00000010   Data   RW         2647    .data               Net_CM3_L.lib(net_http_server.o)
    0x100000d0   0x00000008   Data   RW         2741    .data               Net_CM3_L.lib(net_sys.o)
    0x100000d8   0x00000008   Data   RW         2774    .data               RTX_CM3.lib(rt_system.o)
    0x100000e0   0x00000004   Data   RW         3064    .data               RTX_CM3.lib(rt_time.o)
    0x100000e4   0x00000008   Data   RW         3095    .data               RTX_CM3.lib(rt_robin.o)
    0x100000ec   0x00000001   Data   RW         3174    .data               RTX_CM3.lib(hal_cm.o)
    0x100000ed   0x00000001   Data   RW         3250    .data               Net_CM3_L.lib(net_ndp.o)
    0x100000ee   0x00000002   PAD
    0x100000f0   0x00000008   Data   RW         3291    .data               Net_CM3_L.lib(net_ip4.o)
    0x100000f8   0x00000008   Data   RW         3318    .data               Net_CM3_L.lib(net_ip6.o)
    0x10000100   0x00000015   Zero   RW          117    .bss                http_server_cgi.o
    0x10000115   0x00000003   PAD
    0x10000118   0x00001358   Zero   RW          498    .bss                rtx_conf_cm.o
    0x10001470   0x00002a74   Zero   RW          577    .bss                emac_lpc17xx.o
    0x10003ee4   0x00000028   Zero   RW          754    .bss                ssp_lpc17xx.o
    0x10003f0c   0x00000034   Zero   RW          937    .bss                uart_lpc17xx.o
    0x10003f40   0x0000000c   Zero   RW         1120    .bss                phy_dp83848c.o
    0x10003f4c   0x000000a0   Zero   RW         1183    .bss                gpdma_lpc17xx.o
    0x10003fec   0x00003360   Zero   RW         1413    .bss                net_config.o
    0x1000734c   0x00000034   Zero   RW         2176    .bss                RTX_CM3.lib(rt_task.o)
    0x10007380   0x00000094   Zero   RW         2302    .bss                Net_CM3_L.lib(net_eth.o)
    0x10007414   0x00000010   Zero   RW         2349    .bss                Net_CM3_L.lib(net_arp.o)
    0x10007424   0x00000014   Zero   RW         2438    .bss                Net_CM3_L.lib(net_udp.o)
    0x10007438   0x00000020   Zero   RW         2712    .bss                Net_CM3_L.lib(net_ping.o)
    0x10007458   0x00000030   Zero   RW         2738    .bss                Net_CM3_L.lib(net_sys.o)
    0x10007488   0x00000018   Zero   RW         2739    .bss                Net_CM3_L.lib(net_sys.o)
    0x100074a0   0x00000030   Zero   RW         2904    .bss                RTX_CM3.lib(rt_list.o)
    0x100074d0   0x0000003c   Zero   RW         3249    .bss                Net_CM3_L.lib(net_ndp.o)
    0x1000750c   0x00000014   Zero   RW         3370    .bss                Net_CM3_L.lib(net_mem.o)
    0x10007520   0x0000005c   Zero   RW         3441    .bss                Net_CM3_L.lib(net_addr.o)
    0x1000757c   0x00000060   Zero   RW         3489    .bss                c_w.l(libspace.o)
    0x100075dc   0x00000004   PAD
    0x100075e0   0x00000000   Zero   RW         1349    HEAP                startup_lpc17xx.o
    0x100075e0   0x00000200   Zero   RW         1348    STACK               startup_lpc17xx.o


==============================================================================

Image component sizes


      Code (inc. data)   RO Data    RW Data    ZI Data      Debug   Object Name

       200         44          2          3          0      47420   adc_mcb1700.o
      3302        288         76         24      10868      54773   emac_lpc17xx.o
       136          8      44240          0          0       1904   fichierweb.o
         0          0       6304          0          0        736   glcd_fonts.o
      2824        110          0         17          0      17730   glcd_mcb1700.o
      1204         94          0          8        160       8062   gpdma_lpc17xx.o
       192         24          0          0          0       2826   gpio_lpc17xx.o
       468         88          0         23         21       2884   http_server_cgi.o
       220         12         16          0          0       3143   led_mcb1700.o
       488        104         48         12          0      26324   main.o
        38          0        421         14      13152      18360   net_config.o
       644         44         36          0         12      10390   phy_dp83848c.o
       252          6          0          0          0        804   pin_lpc17xx.o
       170         38        104         20       4952       9675   rtx_conf_cm.o
      3896        106        124         16         40      26636   ssp_lpc17xx.o
        64         26        204          0        512        996   startup_lpc17xx.o
       320         18          0          4          0        803   system_lpc17xx.o
      5832        152        464          4         52      32839   uart_lpc17xx.o

    ----------------------------------------------------------------------
     20264       1162      52076        152      29772     266305   Object Totals
         0          0         32          0          0          0   (incl. Generated)
        14          0          5          7          3          0   (incl. Padding)

    ----------------------------------------------------------------------

      Code (inc. data)   RO Data    RW Data    ZI Data      Debug   Library Member Name

       952         54         16          0         92       1012   net_addr.o
      1908        136          0          1         16       1120   net_arp.o
       274          4          0          0          0        504   net_common.o
      1946        122          6          0        148       1188   net_eth.o
      5946       1282        250         16          0       2724   net_http_server.o
         0          0        535          0          0          0   net_http_server_err.o
       348         22          0          0          0        164   net_icmp.o
       476         32          0          0          0        252   net_icmp6.o
       652         54          8          4          0        572   net_igmp.o
       936         72          8          8          0        824   net_ip4.o
       638         72         48          8          0        648   net_ip6.o
       260         26          0          8          0        244   net_loop.o
       456         46          0          0         20        556   net_mem.o
       396         26          8          1          0        176   net_nbns_client.o
      2442        174          0          1         60       1504   net_ndp.o
       108         20         18          0         32        212   net_ping.o
       460         72          8          8         72        640   net_sys.o
      4570        170          0          4          0       2104   net_tcp.o
       878         42          0          2         20        568   net_udp.o
       238         24          0          1          0       3312   hal_cm.o
       304         36          0          0          0        768   hal_cm3.o
      2284        250          0          8          0      51688   rt_cmsis.o
       300         24          0          0          0       3183   rt_event.o
       566         44          0          0         48       8792   rt_list.o
       554         10          0          0          0       3949   rt_mailbox.o
       140          0          0          0          0       1925   rt_membox.o
       128          0          0          0          0       2307   rt_memory.o
       352         14          0          0          0       2105   rt_mutex.o
        96         22          0          8          0       1158   rt_robin.o
       186         10          0          0          0       2902   rt_semaphore.o
       334         64          0          8          0       7091   rt_system.o
      1264        184          0          8         52      10147   rt_task.o
         6          0          0          4          0        652   rt_time.o
         4          4          0          0          0        208   svc_table.o
        60          8          0          0          0         84   __0sscanf.o
        44          6          0          0          0         84   __2sprintf.o
         8          0          0          0          0         68   __main.o
       392          4         17          0          0         92   __printf_flags_ss_wp.o
        14          0          0          0          0         68   __printf_wp.o
         0          0          0          0          0          0   __rtentry.o
        20          0          0          0          0          0   __rtentry2.o
         6          0          0          0          0          0   __rtentry4.o
        52          8          0          0          0          0   __scatter.o
        26          0          0          0          0          0   __scatter_copy.o
        28          0          0          0          0          0   __scatter_zi.o
        28          0          0          0          0         68   _chval.o
         6          0          0          0          0          0   _printf_a.o
         6          0          0          0          0          0   _printf_c.o
        44          0          0          0          0        108   _printf_char.o
        48          6          0          0          0         96   _printf_char_common.o
        40          0          0          0          0         68   _printf_charcount.o
         6          0          0          0          0          0   _printf_d.o
       120         16          0          0          0         92   _printf_dec.o
         6          0          0          0          0          0   _printf_e.o
         6          0          0          0          0          0   _printf_f.o
      1050          0          0          0          0        216   _printf_fp_dec.o
       764         10         38          0          0        100   _printf_fp_hex.o
       128         16          0          0          0         84   _printf_fp_infnan.o
         6          0          0          0          0          0   _printf_g.o
       124          4         40          0          0        144   _printf_hex_int_ptr.o
         6          0          0          0          0          0   _printf_i.o
       178          0          0          0          0         88   _printf_intcommon.o
        10          0          0          0          0          0   _printf_l.o
         6          0          0          0          0          0   _printf_lc.o
         6          0          0          0          0          0   _printf_n.o
         6          0          0          0          0          0   _printf_o.o
        84         10          0          0          0         88   _printf_oct_int.o
         6          0          0          0          0          0   _printf_p.o
        78          0          0          0          0        108   _printf_pad.o
         0          0          0          0          0          0   _printf_percent.o
         4          0          0          0          0          0   _printf_percent_end.o
         6          0          0          0          0          0   _printf_s.o
        82          0          0          0          0         80   _printf_str.o
        36          0          0          0          0         84   _printf_truncate.o
         6          0          0          0          0          0   _printf_u.o
        44          0          0          0          0        108   _printf_wchar.o
       188          6          8          0          0         92   _printf_wctomb.o
         6          0          0          0          0          0   _printf_x.o
       884          6          0          0          0        100   _scanf.o
       332          0          0          0          0         96   _scanf_int.o
        64          0          0          0          0         84   _sgetc.o
        10          0          0          0          0         68   _sputc.o
       158          0          0          0          0         92   _strtoul.o
        64          0          0          0          0         92   _wcrtomb.o
        26          0          0          0          0         80   atoi.o
       220          4        148          0          0         96   bigflt0.o
      1910        128          0          0          0        672   btod.o
        18          0          0          0          0         80   exit.o
         6          0          0          0          0        152   heapauxi.o
         0          0          0          0          0          0   indicate_semi.o
        18          0          0          0          0         76   isspace.o
        44         10        272          0          0         76   lc_ctype_c.o
        44         10         28          0          0         76   lc_numeric_c.o
         2          0          0          0          0          0   libinit.o
        30          0          0          0          0          0   libinit2.o
         2          0          0          0          0          0   libshutdown.o
         2          0          0          0          0          0   libshutdown2.o
         8          4          0          0         96         68   libspace.o
       138          0          0          0          0         80   lludiv10.o
       238          0          0          0          0        100   lludivv7m.o
        88          0          0          0          0         76   memcmp.o
        16          4          0          0          0         76   rt_ctype_table.o
         4          0          0          0          0         68   rt_errno_addr_twolibspace.o
        10          0          0          0          0         76   rt_locale_twolibspace.o
        68          0          0          0          0         68   rt_memclr.o
        78          0          0          0          0         80   rt_memclr_w.o
       138          0          0          0          0         68   rt_memcpy_v6.o
       100          0          0          0          0         80   rt_memcpy_w.o
         2          0          0          0          0          0   rtexit.o
        10          0          0          0          0          0   rtexit2.o
        44          8          0          0          0         84   scanf_char.o
       128          0          0          0          0         68   strcmpv7m.o
        62          0          0          0          0         76   strlen.o
       150          0          0          0          0         80   strncmp.o
       112          0          0          0          0         88   strtol.o
        12          4          0          0          0         68   sys_exit.o
        74          0          0          0          0         80   sys_stackheap_outer.o
         2          0          0          0          0         68   use_no_semi.o
        12          0          0          0          0         68   dretinf.o
        86          4          0          0          0         84   f2d.o
       388         76          0          0          0         96   fdiv.o
        48          0          0          0          0         68   fflt_clz.o
       258          4          0          0          0         84   fmul.o
       140          4          0          0          0         84   fnaninf.o
        10          0          0          0          0         68   fretinf.o
         4          0          0          0          0         68   printf1.o
         4          0          0          0          0         68   printf2.o
         0          0          0          0          0          0   usenofp.o
        40          0          0          0          0         68   fpclassify.o

    ----------------------------------------------------------------------
     40560       3472       1460        104        660     121267   Library Totals
        68          0          4          6          4          0   (incl. Padding)

    ----------------------------------------------------------------------

      Code (inc. data)   RO Data    RW Data    ZI Data      Debug   Library Name

     23646       2426        905         61        460      15012   Net_CM3_L.lib
      6756        686          0         37        100     100187   RTX_CM3.lib
      9100        272        551          0         96       5312   c_w.l
       950         88          0          0          0        688   fz_ws.l
        40          0          0          0          0         68   m_ws.l

    ----------------------------------------------------------------------
     40560       3472       1460        104        660     121267   Library Totals

    ----------------------------------------------------------------------

==============================================================================


      Code (inc. data)   RO Data    RW Data    ZI Data      Debug   

     60824       4634      53536        256      30432     359904   Grand Totals
     60824       4634      53536        256      30432     359904   ELF Image Totals
     60824       4634      53536        256          0          0   ROM Totals

==============================================================================

    Total RO  Size (Code + RO Data)               114360 ( 111.68kB)
    Total RW  Size (RW Data + ZI Data)             30688 (  29.97kB)
    Total ROM Size (Code + RO Data + RW Data)     114616 ( 111.93kB)

==============================================================================

